
Optional file libmchp_peripheral.a not found

Optional file libmchp_peripheral_32MX795F512H.a not found
Archive member included because of file (symbol)

c:/program files (x86)/microchip/xc32/v1.43/bin/bin/../../lib/gcc/pic32mx/4.8.3\libgcc.a(_udivdi3.o)
                              build/default/production/_ext/595346758/tfm.o (__udivdi3)
c:/program files (x86)/microchip/xc32/v1.43/bin/bin/../../lib/gcc/pic32mx/4.8.3\libgcc.a(floatunsisf.o)
                              build/default/production/_ext/1437400831/dh.o (__floatunsisf)
c:/program files (x86)/microchip/xc32/v1.43/bin/bin/../../lib/gcc/pic32mx/4.8.3/../../../../pic32mx/lib\libpic32.a(memcmp.o)
                              build/default/production/_ext/595346758/asn.o (memcmp)
c:/program files (x86)/microchip/xc32/v1.43/bin/bin/../../lib/gcc/pic32mx/4.8.3/../../../../pic32mx/lib\libpic32.a(memcpy.o)
                              build/default/production/_ext/595346758/pwdbased.o (memcpy)
c:/program files (x86)/microchip/xc32/v1.43/bin/bin/../../lib/gcc/pic32mx/4.8.3/../../../../pic32mx/lib\libpic32.a(memset.o)
                              build/default/production/_ext/595346758/pwdbased.o (memset)
c:/program files (x86)/microchip/xc32/v1.43/bin/bin/../../lib/gcc/pic32mx/4.8.3/../../../../pic32mx/lib\libpic32.a(strcmp.o)
                              build/default/production/_ext/1836803193/dns.o (strcmp)
c:/program files (x86)/microchip/xc32/v1.43/bin/bin/../../lib/gcc/pic32mx/4.8.3/../../../../pic32mx/lib\libpic32.a(strcpy.o)
                              build/default/production/_ext/1836803193/tcpip_announce.o (strcpy)
c:/program files (x86)/microchip/xc32/v1.43/bin/bin/../../lib/gcc/pic32mx/4.8.3/../../../../pic32mx/lib\libpic32.a(strlen.o)
                              build/default/production/_ext/595346758/asn.o (strlen)
c:/program files (x86)/microchip/xc32/v1.43/bin/bin/../../lib/gcc/pic32mx/4.8.3/../../../../pic32mx/lib\libpic32.a(default-bootstrap-exception-handler.o)
                              c:/program files (x86)/microchip/xc32/v1.43/bin/bin/../../lib/gcc/pic32mx/4.8.3/../../../../pic32mx/lib/./proc/32MX795F512H/crt0_mips32r2.o (_bootstrap_exception_handler)
c:/program files (x86)/microchip/xc32/v1.43/bin/bin/../../lib/gcc/pic32mx/4.8.3/../../../../pic32mx/lib\libpic32.a(default-on-reset.o)
                              c:/program files (x86)/microchip/xc32/v1.43/bin/bin/../../lib/gcc/pic32mx/4.8.3/../../../../pic32mx/lib/./proc/32MX795F512H/crt0_mips32r2.o (_on_reset)
c:/program files (x86)/microchip/xc32/v1.43/bin/bin/../../lib/gcc/pic32mx/4.8.3/../../../../pic32mx/lib\libpic32.a(default-on-bootstrap.o)
                              c:/program files (x86)/microchip/xc32/v1.43/bin/bin/../../lib/gcc/pic32mx/4.8.3/../../../../pic32mx/lib/./proc/32MX795F512H/crt0_mips32r2.o (_on_bootstrap)
c:/program files (x86)/microchip/xc32/v1.43/bin/bin/../../lib/gcc/pic32mx/4.8.3/../../../../pic32mx/lib\libpic32.a(default-nmi-handler.o)
                              c:/program files (x86)/microchip/xc32/v1.43/bin/bin/../../lib/gcc/pic32mx/4.8.3/../../../../pic32mx/lib/./proc/32MX795F512H/crt0_mips32r2.o (_nmi_handler)
c:/program files (x86)/microchip/xc32/v1.43/bin/bin/../../lib/gcc/pic32mx/4.8.3/../../../../pic32mx/lib\libpic32.a(general-exception.o)
                              c:/program files (x86)/microchip/xc32/v1.43/bin/bin/../../lib/gcc/pic32mx/4.8.3/../../../../pic32mx/lib/./proc/32MX795F512H/crt0_mips32r2.o (_general_exception_context)
c:/program files (x86)/microchip/xc32/v1.43/bin/bin/../../lib/gcc/pic32mx/4.8.3/../../../../pic32mx/lib\libpic32.a(vector0.o)
                              c:/program files (x86)/microchip/xc32/v1.43/bin/bin/../../lib/gcc/pic32mx/4.8.3/../../../../pic32mx/lib/./proc/32MX795F512H\default_isr_vectors.o (__vector_dispatch_0)
c:/program files (x86)/microchip/xc32/v1.43/bin/bin/../../lib/gcc/pic32mx/4.8.3/../../../../pic32mx/lib\libpic32.a(vector1.o)
                              c:/program files (x86)/microchip/xc32/v1.43/bin/bin/../../lib/gcc/pic32mx/4.8.3/../../../../pic32mx/lib/./proc/32MX795F512H\default_isr_vectors.o (__vector_dispatch_1)
c:/program files (x86)/microchip/xc32/v1.43/bin/bin/../../lib/gcc/pic32mx/4.8.3/../../../../pic32mx/lib\libpic32.a(vector2.o)
                              c:/program files (x86)/microchip/xc32/v1.43/bin/bin/../../lib/gcc/pic32mx/4.8.3/../../../../pic32mx/lib/./proc/32MX795F512H\default_isr_vectors.o (__vector_dispatch_2)
c:/program files (x86)/microchip/xc32/v1.43/bin/bin/../../lib/gcc/pic32mx/4.8.3/../../../../pic32mx/lib\libpic32.a(vector3.o)
                              c:/program files (x86)/microchip/xc32/v1.43/bin/bin/../../lib/gcc/pic32mx/4.8.3/../../../../pic32mx/lib/./proc/32MX795F512H\default_isr_vectors.o (__vector_dispatch_3)
c:/program files (x86)/microchip/xc32/v1.43/bin/bin/../../lib/gcc/pic32mx/4.8.3/../../../../pic32mx/lib\libpic32.a(vector5.o)
[...]
Memory Configuration

Name             Origin             Length             Attributes
kseg0_program_mem 0x9d000000         0x00080000         xr
kseg0_boot_mem   0x9fc00490         0x00000970
exception_mem    0x9fc01000         0x00001000
kseg1_boot_mem   0xbfc00000         0x00000490
debug_exec_mem   0xbfc02000         0x00000ff0
config3          0xbfc02ff0         0x00000004
config2          0xbfc02ff4         0x00000004
config1          0xbfc02ff8         0x00000004
config0          0xbfc02ffc         0x00000004
kseg1_data_mem   0xa0000000         0x00020000         w !x
sfrs             0xbf800000         0x00100000
configsfrs       0xbfc02ff0         0x00000010
*default*        0x00000000         0xffffffff

Linker script and memory map

LOAD c:/program files (x86)/microchip/xc32/v1.43/bin/bin/../../lib/gcc/pic32mx/4.8.3/../../../../pic32mx/lib/./proc/32MX795F512H/crt0_mips32r2.o
LOAD c:/program files (x86)/microchip/xc32/v1.43/bin/bin/../../lib/gcc/pic32mx/4.8.3/../../../../pic32mx/lib\debug-exception-return.o
LOAD build/default/production/_ext/595346758/ecc.o
LOAD build/default/production/_ext/595346758/arc4.o
LOAD build/default/production/_ext/595346758/pwdbased.o
LOAD build/default/production/_ext/595346758/tfm.o
LOAD build/default/production/_ext/595346758/asn.o
LOAD build/default/production/_ext/595346758/des3.o
LOAD build/default/production/_ext/595346758/rsa.o
LOAD build/default/production/_ext/595346758/aes.o
LOAD build/default/production/_ext/595346758/md5.o
LOAD build/default/production/_ext/595346758/sha.o
LOAD build/default/production/_ext/595346758/sha256.o
LOAD build/default/production/_ext/595346758/sha512.o
LOAD build/default/production/_ext/595346758/hmac.o
LOAD build/default/production/_ext/595346758/hash.o
LOAD build/default/production/_ext/595346758/compress.o
LOAD build/default/production/_ext/595346758/random.o
LOAD build/default/production/_ext/595346758/crypto.o
LOAD build/default/production/_ext/595346758/asm.o
LOAD build/default/production/_ext/595346758/coding.o
LOAD build/default/production/_ext/595346758/error.o
LOAD build/default/production/_ext/595346758/integer.o
LOAD build/default/production/_ext/595346758/logging.o
LOAD build/default/production/_ext/595346758/memory.o
LOAD build/default/production/_ext/595346758/misc.o
LOAD build/default/production/_ext/595346758/port.o
LOAD build/default/production/_ext/1749672254/drv_ethmac.o
LOAD build/default/production/_ext/1749672254/drv_ethmac_lib.o
LOAD build/default/production/_ext/573518448/drv_ethphy.o
LOAD build/default/production/_ext/573518448/drv_extphy_smsc8740.o
LOAD build/default/production/_ext/1568515672/drv_miim.o
LOAD build/default/production/_ext/528688037/drv_tmr.o
LOAD build/default/production/_ext/427015431/drv_usart.o
LOAD build/default/production/_ext/427015431/drv_usart_read_write.o
LOAD build/default/production/_ext/2146114523/net_pres.o
LOAD build/default/production/_ext/1670183176/sys_int_pic32.o
LOAD build/default/production/_ext/1584847572/sys_random.o
LOAD build/default/production/_ext/1482654414/sys_tmr.o
LOAD build/default/production/_ext/1836803193/ipv4.o
LOAD build/default/production/_ext/1836803193/tcp.o
LOAD build/default/production/_ext/1836803193/udp.o
LOAD build/default/production/_ext/1836803193/tcpip_heap_alloc.o
LOAD build/default/production/_ext/1836803193/tcpip_heap_internal.o
LOAD build/default/production/_ext/1836803193/arp.o
LOAD build/default/production/_ext/1836803193/dhcp.o
LOAD build/default/production/_ext/1836803193/dns.o
LOAD build/default/production/_ext/1836803193/icmp.o
LOAD build/default/production/_ext/1836803193/nbns.o
LOAD build/default/production/_ext/1836803193/sntp.o
LOAD build/default/production/_ext/1836803193/zero_conf_helper.o
LOAD build/default/production/_ext/1836803193/zero_conf_link_local.o
LOAD build/default/production/_ext/1836803193/tcpip_announce.o
LOAD build/default/production/_ext/157393855/helpers.o
LOAD build/default/production/_ext/1836803193/hash_fnv.o
LOAD build/default/production/_ext/1836803193/oahash.o
LOAD build/default/production/_ext/1836803193/tcpip_helpers.o
LOAD build/default/production/_ext/1836803193/tcpip_helper_c32.o
LOAD build/default/production/_ext/1836803193/tcpip_manager.o
LOAD build/default/production/_ext/1836803193/tcpip_notify.o
LOAD build/default/production/_ext/1836803193/tcpip_packet.o
LOAD build/default/production/_ext/359630028/crl.o
LOAD build/default/production/_ext/359630028/internal.o
LOAD build/default/production/_ext/359630028/io.o
LOAD build/default/production/_ext/359630028/keys.o
LOAD build/default/production/_ext/359630028/ocsp.o
LOAD build/default/production/_ext/359630028/sniffer.o
LOAD build/default/production/_ext/359630028/ssl.o
LOAD build/default/production/_ext/359630028/tls.o
LOAD build/default/production/_ext/1437400831/asm.o
LOAD build/default/production/_ext/1437400831/blake2b.o
LOAD build/default/production/_ext/1437400831/camellia.o
LOAD build/default/production/_ext/1437400831/chacha.o
LOAD build/default/production/_ext/1437400831/chacha20_poly1305.o
LOAD build/default/production/_ext/1437400831/curve25519.o
LOAD build/default/production/_ext/1437400831/dh.o
LOAD build/default/production/_ext/1437400831/dsa.o
LOAD build/default/production/_ext/1437400831/ecc_fp.o
LOAD build/default/production/_ext/1437400831/ed25519.o
LOAD build/default/production/_ext/1437400831/fe_low_mem.o
LOAD build/default/production/_ext/1437400831/fe_operations.o
LOAD build/default/production/_ext/1437400831/ge_low_mem.o
LOAD build/default/production/_ext/1437400831/ge_operations.o
LOAD build/default/production/_ext/1437400831/hc128.o
LOAD build/default/production/_ext/1437400831/md2.o
LOAD build/default/production/_ext/1437400831/md4.o
LOAD build/default/production/_ext/1437400831/pkcs7.o
LOAD build/default/production/_ext/1437400831/poly1305.o
LOAD build/default/production/_ext/1437400831/rabbit.o
LOAD build/default/production/_ext/1437400831/ripemd.o
LOAD build/default/production/_ext/1437400831/misc.o
LOAD build/default/production/_ext/1360937237/app.o
LOAD build/default/production/_ext/1278673032/net_pres_enc_glue.o
LOAD build/default/production/_ext/1278673032/net_pres_cert_store.o
LOAD build/default/production/_ext/639803181/sys_clk_pic32mx.o
LOAD build/default/production/_ext/340578644/sys_devcon.o
LOAD build/default/production/_ext/340578644/sys_devcon_pic32mx.o
LOAD build/default/production/_ext/822048611/sys_ports_static.o
LOAD build/default/production/_ext/1688732426/system_init.o
LOAD build/default/production/_ext/1688732426/system_interrupt.o
LOAD build/default/production/_ext/1688732426/system_exceptions.o
LOAD build/default/production/_ext/1360937237/main.o
LOAD build/default/production/_ext/1688732426/system_tasks.o
LOAD ..\..\..\..\v2_03b\bin\framework\peripheral\PIC32MX795F512H_peripherals.a
                0x00000001                __MPLAB_BUILD = 0x1
                0x0000d6b0                _min_heap_size = 0xd6b0
LOAD c:/program files (x86)/microchip/xc32/v1.43/bin/bin/../../lib/gcc/pic32mx/4.8.3/../../../../pic32mx/lib/./proc/32MX795F512H\default_isr_vectors.o
LOAD c:/program files (x86)/microchip/xc32/v1.43/bin/bin/../../lib/gcc/pic32mx/4.8.3/../../../../pic32mx/lib\pic32_software_reset.o
                0x00000400                PROVIDE (_min_stack_size, 0x400)
LOAD c:/program files (x86)/microchip/xc32/v1.43/bin/bin/../../lib/gcc/pic32mx/4.8.3/../../../../pic32mx/lib/./proc/32MX795F512H\processor.o
START GROUP
LOAD libmchp_peripheral.a
END GROUP
START GROUP
LOAD libmchp_peripheral_32MX795F512H.a
END GROUP
                0x00000001                PROVIDE (_vector_spacing, 0x1)
                0x9fc01000                PROVIDE (_ebase_address, 0x9fc01000)
                0xbfc00000                _RESET_ADDR = 0xbfc00000
                0xbfc00380                _BEV_EXCPT_ADDR = 0xbfc00380
                0xbfc00480                _DBG_EXCPT_ADDR = 0xbfc00480
                0xbfc02000                _DBG_CODE_ADDR = 0xbfc02000
                0x00000ff0                _DBG_CODE_SIZE = 0xff0
                0x9fc01180                _GEN_EXCPT_ADDR = (_ebase_address + 0x180)

.config_BFC02FF0
                0xbfc02ff0        0x4
 *(.config_BFC02FF0)
 .config_BFC02FF0
                0xbfc02ff0        0x4 build/default/production/_ext/1688732426/system_init.o

.config_BFC02FF4
                0xbfc02ff4        0x4
 *(.config_BFC02FF4)
 .config_BFC02FF4
                0xbfc02ff4        0x4 build/default/production/_ext/1688732426/system_init.o

.config_BFC02FF8
                0xbfc02ff8        0x4
 *(.config_BFC02FF8)
 .config_BFC02FF8
                0xbfc02ff8        0x4 build/default/production/_ext/1688732426/system_init.o

.config_BFC02FFC
                0xbfc02ffc        0x4
 *(.config_BFC02FFC)
 .config_BFC02FFC
                0xbfc02ffc        0x4 build/default/production/_ext/1688732426/system_init.o
                0xbfc02000                PROVIDE (_DBG_CODE_ADDR, 0xbfc02000)
                0x00000ff0                PROVIDE (_DBG_CODE_SIZE, 0xff0)

.reset          0xbfc00000      0x208
 *(.reset)
 .reset         0xbfc00000        0x8 c:/program files (x86)/microchip/xc32/v1.43/bin/bin/../../lib/gcc/pic32mx/4.8.3/../../../../pic32mx/lib/./proc/32MX795F512H/crt0_mips32r2.o
                0xbfc00000                _reset
 *(.reset.startup)
 .reset.startup
                0xbfc00008      0x200 c:/program files (x86)/microchip/xc32/v1.43/bin/bin/../../lib/gcc/pic32mx/4.8.3/../../../../pic32mx/lib/./proc/32MX795F512H/crt0_mips32r2.o
                0xbfc00008                _startup

.bev_excpt      0xbfc00380       0x10
 *(.bev_handler)
 .bev_handler   0xbfc00380       0x10 c:/program files (x86)/microchip/xc32/v1.43/bin/bin/../../lib/gcc/pic32mx/4.8.3/../../../../pic32mx/lib/./proc/32MX795F512H/crt0_mips32r2.o

.dbg_excpt      0xbfc00480        0x0
                0xbfc00480                . = (. + DEFINED (_DEBUGGER)?0x8:0x0)

.dbg_code       0xbfc02000        0x0
                0xbfc02000                . = (. + DEFINED (_DEBUGGER)?_DBG_CODE_SIZE:0x0)

.app_excpt      0x9fc01180       0x10
 *(.gen_handler)
 .gen_handler   0x9fc01180       0x10 c:/program files (x86)/microchip/xc32/v1.43/bin/bin/../../lib/gcc/pic32mx/4.8.3/../../../../pic32mx/lib/./proc/32MX795F512H/crt0_mips32r2.o

.vector_0       0x9fc01200        0x8
 *(.vector_0)
 .vector_0      0x9fc01200        0x8 c:/program files (x86)/microchip/xc32/v1.43/bin/bin/../../lib/gcc/pic32mx/4.8.3/../../../../pic32mx/lib\libpic32.a(vector0.o)
                0x9fc01200                __vector_dispatch_0
                0x00000001                ASSERT (((_vector_spacing == 0x0) || (SIZEOF (.vector_0) <= (_vector_spacing << 0x5))), function at exception vector 0 too large)

.vector_1       0x9fc01220        0x8
 *(.vector_1)
 .vector_1      0x9fc01220        0x8 c:/program files (x86)/microchip/xc32/v1.43/bin/bin/../../lib/gcc/pic32mx/4.8.3/../../../../pic32mx/lib\libpic32.a(vector1.o)
                0x9fc01220                __vector_dispatch_1
                0x00000001                ASSERT (((_vector_spacing == 0x0) || (SIZEOF (.vector_1) <= (_vector_spacing << 0x5))), function at exception vector 1 too large)

.vector_2       0x9fc01240        0x8
 *(.vector_2)
 .vector_2      0x9fc01240        0x8 c:/program files (x86)/microchip/xc32/v1.43/bin/bin/../../lib/gcc/pic32mx/4.8.3/../../../../pic32mx/lib\libpic32.a(vector2.o)
                0x9fc01240                __vector_dispatch_2
                0x00000001                ASSERT (((_vector_spacing == 0x0) || (SIZEOF (.vector_2) <= (_vector_spacing << 0x5))), function at exception vector 2 too large)

.vector_3       0x9fc01260        0x8
 *(.vector_3)
 .vector_3      0x9fc01260        0x8 c:/program files (x86)/microchip/xc32/v1.43/bin/bin/../../lib/gcc/pic32mx/4.8.3/../../../../pic32mx/lib\libpic32.a(vector3.o)
                0x9fc01260                __vector_dispatch_3
                0x00000001                ASSERT (((_vector_spacing == 0x0) || (SIZEOF (.vector_3) <= (_vector_spacing << 0x5))), function at exception vector 3 too large)

.vector_4       0x9fc01280        0x8
 *(.vector_4)
 .vector_4      0x9fc01280        0x8 build/default/production/_ext/1688732426/system_interrupt.o
                0x9fc01280                __vector_dispatch_4
                0x00000001                ASSERT (((_vector_spacing == 0x0) || (SIZEOF (.vector_4) <= (_vector_spacing << 0x5))), function at exception vector 4 too large)

.vector_5       0x9fc012a0        0x8
 *(.vector_5)
 .vector_5      0x9fc012a0        0x8 c:/program files (x86)/microchip/xc32/v1.43/bin/bin/../../lib/gcc/pic32mx/4.8.3/../../../../pic32mx/lib\libpic32.a(vector5.o)
                0x9fc012a0                __vector_dispatch_5
                0x00000001                ASSERT (((_vector_spacing == 0x0) || (SIZEOF (.vector_5) <= (_vector_spacing << 0x5))), function at exception vector 5 too large)

.vector_6       0x9fc012c0        0x8
 *(.vector_6)
 .vector_6      0x9fc012c0        0x8 c:/program files (x86)/microchip/xc32/v1.43/bin/bin/../../lib/gcc/pic32mx/4.8.3/../../../../pic32mx/lib\libpic32.a(vector6.o)
                0x9fc012c0                __vector_dispatch_6
                0x00000001                ASSERT (((_vector_spacing == 0x0) || (SIZEOF (.vector_6) <= (_vector_spacing << 0x5))), function at exception vector 6 too large)

.vector_7       0x9fc012e0        0x8
 *(.vector_7)
 .vector_7      0x9fc012e0        0x8 c:/program files (x86)/microchip/xc32/v1.43/bin/bin/../../lib/gcc/pic32mx/4.8.3/../../../../pic32mx/lib\libpic32.a(vector7.o)
                0x9fc012e0                __vector_dispatch_7
                0x00000001                ASSERT (((_vector_spacing == 0x0) || (SIZEOF (.vector_7) <= (_vector_spacing << 0x5))), function at exception vector 7 too large)

.vector_8       0x9fc01300        0x8
 *(.vector_8)
 .vector_8      0x9fc01300        0x8 c:/program files (x86)/microchip/xc32/v1.43/bin/bin/../../lib/gcc/pic32mx/4.8.3/../../../../pic32mx/lib\libpic32.a(vector8.o)
                0x9fc01300                __vector_dispatch_8
                0x00000001                ASSERT (((_vector_spacing == 0x0) || (SIZEOF (.vector_8) <= (_vector_spacing << 0x5))), function at exception vector 8 too large)

.vector_9       0x9fc01320        0x8
 *(.vector_9)
 .vector_9      0x9fc01320        0x8 c:/program files (x86)/microchip/xc32/v1.43/bin/bin/../../lib/gcc/pic32mx/4.8.3/../../../../pic32mx/lib\libpic32.a(vector9.o)
                0x9fc01320                __vector_dispatch_9
                0x00000001                ASSERT (((_vector_spacing == 0x0) || (SIZEOF (.vector_9) <= (_vector_spacing << 0x5))), function at exception vector 9 too large)

.vector_10      0x9fc01340        0x8
 *(.vector_10)
 .vector_10     0x9fc01340        0x8 c:/program files (x86)/microchip/xc32/v1.43/bin/bin/../../lib/gcc/pic32mx/4.8.3/../../../../pic32mx/lib\libpic32.a(vector10.o)
                0x9fc01340                __vector_dispatch_10
                0x00000001                ASSERT (((_vector_spacing == 0x0) || (SIZEOF (.vector_10) <= (_vector_spacing << 0x5))), function at exception vector 10 too large)

.vector_11      0x9fc01360        0x8
 *(.vector_11)
 .vector_11     0x9fc01360        0x8 c:/program files (x86)/microchip/xc32/v1.43/bin/bin/../../lib/gcc/pic32mx/4.8.3/../../../../pic32mx/lib\libpic32.a(vector11.o)
                0x9fc01360                __vector_dispatch_11
                0x00000001                ASSERT (((_vector_spacing == 0x0) || (SIZEOF (.vector_11) <= (_vector_spacing << 0x5))), function at exception vector 11 too large)

.vector_12      0x9fc01380        0x8
 *(.vector_12)
 .vector_12     0x9fc01380        0x8 c:/program files (x86)/microchip/xc32/v1.43/bin/bin/../../lib/gcc/pic32mx/4.8.3/../../../../pic32mx/lib\libpic32.a(vector12.o)
                0x9fc01380                __vector_dispatch_12
                0x00000001                ASSERT (((_vector_spacing == 0x0) || (SIZEOF (.vector_12) <= (_vector_spacing << 0x5))), function at exception vector 12 too large)

.vector_13      0x9fc013a0        0x8
 *(.vector_13)
 .vector_13     0x9fc013a0        0x8 c:/program files (x86)/microchip/xc32/v1.43/bin/bin/../../lib/gcc/pic32mx/4.8.3/../../../../pic32mx/lib\libpic32.a(vector13.o)
                0x9fc013a0                __vector_dispatch_13
                0x00000001                ASSERT (((_vector_spacing == 0x0) || (SIZEOF (.vector_13) <= (_vector_spacing << 0x5))), function at exception vector 13 too large)

.vector_14      0x9fc013c0        0x8
 *(.vector_14)
 .vector_14     0x9fc013c0        0x8 c:/program files (x86)/microchip/xc32/v1.43/bin/bin/../../lib/gcc/pic32mx/4.8.3/../../../../pic32mx/lib\libpic32.a(vector14.o)
                0x9fc013c0                __vector_dispatch_14
                0x00000001                ASSERT (((_vector_spacing == 0x0) || (SIZEOF (.vector_14) <= (_vector_spacing << 0x5))), function at exception vector 14 too large)

.vector_15      0x9fc013e0        0x8
 *(.vector_15)
 .vector_15     0x9fc013e0        0x8 c:/program files (x86)/microchip/xc32/v1.43/bin/bin/../../lib/gcc/pic32mx/4.8.3/../../../../pic32mx/lib\libpic32.a(vector15.o)
                0x9fc013e0                __vector_dispatch_15
                0x00000001                ASSERT (((_vector_spacing == 0x0) || (SIZEOF (.vector_15) <= (_vector_spacing << 0x5))), function at exception vector 15 too large)

.vector_16      0x9fc01400        0x8
 *(.vector_16)
 .vector_16     0x9fc01400        0x8 c:/program files (x86)/microchip/xc32/v1.43/bin/bin/../../lib/gcc/pic32mx/4.8.3/../../../../pic32mx/lib\libpic32.a(vector16.o)
                0x9fc01400                __vector_dispatch_16
                0x00000001                ASSERT (((_vector_spacing == 0x0) || (SIZEOF (.vector_16) <= (_vector_spacing << 0x5))), function at exception vector 16 too large)

.vector_17      0x9fc01420        0x8
 *(.vector_17)
 .vector_17     0x9fc01420        0x8 c:/program files (x86)/microchip/xc32/v1.43/bin/bin/../../lib/gcc/pic32mx/4.8.3/../../../../pic32mx/lib\libpic32.a(vector17.o)
                0x9fc01420                __vector_dispatch_17
                0x00000001                ASSERT (((_vector_spacing == 0x0) || (SIZEOF (.vector_17) <= (_vector_spacing << 0x5))), function at exception vector 17 too large)

.vector_18      0x9fc01440        0x8
 *(.vector_18)
 .vector_18     0x9fc01440        0x8 c:/program files (x86)/microchip/xc32/v1.43/bin/bin/../../lib/gcc/pic32mx/4.8.3/../../../../pic32mx/lib\libpic32.a(vector18.o)
                0x9fc01440                __vector_dispatch_18
                0x00000001                ASSERT (((_vector_spacing == 0x0) || (SIZEOF (.vector_18) <= (_vector_spacing << 0x5))), function at exception vector 18 too large)

.vector_19      0x9fc01460        0x8
 *(.vector_19)
 .vector_19     0x9fc01460        0x8 c:/program files (x86)/microchip/xc32/v1.43/bin/bin/../../lib/gcc/pic32mx/4.8.3/../../../../pic32mx/lib\libpic32.a(vector19.o)
                0x9fc01460                __vector_dispatch_19
                0x00000001                ASSERT (((_vector_spacing == 0x0) || (SIZEOF (.vector_19) <= (_vector_spacing << 0x5))), function at exception vector 19 too large)

.vector_20      0x9fc01480        0x8
 *(.vector_20)
 .vector_20     0x9fc01480        0x8 c:/program files (x86)/microchip/xc32/v1.43/bin/bin/../../lib/gcc/pic32mx/4.8.3/../../../../pic32mx/lib\libpic32.a(vector20.o)
                0x9fc01480                __vector_dispatch_20
                0x00000001                ASSERT (((_vector_spacing == 0x0) || (SIZEOF (.vector_20) <= (_vector_spacing << 0x5))), function at exception vector 20 too large)

.vector_21      0x9fc014a0        0x8
 *(.vector_21)
 .vector_21     0x9fc014a0        0x8 c:/program files (x86)/microchip/xc32/v1.43/bin/bin/../../lib/gcc/pic32mx/4.8.3/../../../../pic32mx/lib\libpic32.a(vector21.o)
                0x9fc014a0                __vector_dispatch_21
                0x00000001                ASSERT (((_vector_spacing == 0x0) || (SIZEOF (.vector_21) <= (_vector_spacing << 0x5))), function at exception vector 21 too large)

.vector_22      0x9fc014c0        0x8
 *(.vector_22)
 .vector_22     0x9fc014c0        0x8 c:/program files (x86)/microchip/xc32/v1.43/bin/bin/../../lib/gcc/pic32mx/4.8.3/../../../../pic32mx/lib\libpic32.a(vector22.o)
                0x9fc014c0                __vector_dispatch_22
                0x00000001                ASSERT (((_vector_spacing == 0x0) || (SIZEOF (.vector_22) <= (_vector_spacing << 0x5))), function at exception vector 22 too large)

.vector_23      0x9fc014e0        0x8
 *(.vector_23)
 .vector_23     0x9fc014e0        0x8 c:/program files (x86)/microchip/xc32/v1.43/bin/bin/../../lib/gcc/pic32mx/4.8.3/../../../../pic32mx/lib\libpic32.a(vector23.o)
                0x9fc014e0                __vector_dispatch_23
                0x00000001                ASSERT (((_vector_spacing == 0x0) || (SIZEOF (.vector_23) <= (_vector_spacing << 0x5))), function at exception vector 23 too large)

.vector_24      0x9fc01500        0x8
 *(.vector_24)
 .vector_24     0x9fc01500        0x8 c:/program files (x86)/microchip/xc32/v1.43/bin/bin/../../lib/gcc/pic32mx/4.8.3/../../../../pic32mx/lib\libpic32.a(vector24.o)
                0x9fc01500                __vector_dispatch_24
                0x00000001                ASSERT (((_vector_spacing == 0x0) || (SIZEOF (.vector_24) <= (_vector_spacing << 0x5))), function at exception vector 24 too large)

.vector_25      0x9fc01520        0x8
 *(.vector_25)
 .vector_25     0x9fc01520        0x8 c:/program files (x86)/microchip/xc32/v1.43/bin/bin/../../lib/gcc/pic32mx/4.8.3/../../../../pic32mx/lib\libpic32.a(vector25.o)
                0x9fc01520                __vector_dispatch_25
                0x00000001                ASSERT (((_vector_spacing == 0x0) || (SIZEOF (.vector_25) <= (_vector_spacing << 0x5))), function at exception vector 25 too large)

.vector_26      0x9fc01540        0x8
 *(.vector_26)
 .vector_26     0x9fc01540        0x8 c:/program files (x86)/microchip/xc32/v1.43/bin/bin/../../lib/gcc/pic32mx/4.8.3/../../../../pic32mx/lib\libpic32.a(vector26.o)
                0x9fc01540                __vector_dispatch_26
                0x00000001                ASSERT (((_vector_spacing == 0x0) || (SIZEOF (.vector_26) <= (_vector_spacing << 0x5))), function at exception vector 26 too large)

.vector_27      0x9fc01560        0x8
 *(.vector_27)
 .vector_27     0x9fc01560        0x8 c:/program files (x86)/microchip/xc32/v1.43/bin/bin/../../lib/gcc/pic32mx/4.8.3/../../../../pic32mx/lib\libpic32.a(vector27.o)
                0x9fc01560                __vector_dispatch_27
                0x00000001                ASSERT (((_vector_spacing == 0x0) || (SIZEOF (.vector_27) <= (_vector_spacing << 0x5))), function at exception vector 27 too large)

.vector_28      0x9fc01580        0x8
 *(.vector_28)
 .vector_28     0x9fc01580        0x8 c:/program files (x86)/microchip/xc32/v1.43/bin/bin/../../lib/gcc/pic32mx/4.8.3/../../../../pic32mx/lib\libpic32.a(vector28.o)
                0x9fc01580                __vector_dispatch_28
                0x00000001                ASSERT (((_vector_spacing == 0x0) || (SIZEOF (.vector_28) <= (_vector_spacing << 0x5))), function at exception vector 28 too large)

.vector_29      0x9fc015a0        0x8
 *(.vector_29)
 .vector_29     0x9fc015a0        0x8 c:/program files (x86)/microchip/xc32/v1.43/bin/bin/../../lib/gcc/pic32mx/4.8.3/../../../../pic32mx/lib\libpic32.a(vector29.o)
                0x9fc015a0                __vector_dispatch_29
                0x00000001                ASSERT (((_vector_spacing == 0x0) || (SIZEOF (.vector_29) <= (_vector_spacing << 0x5))), function at exception vector 29 too large)

.vector_30      0x9fc015c0        0x8
 *(.vector_30)
 .vector_30     0x9fc015c0        0x8 c:/program files (x86)/microchip/xc32/v1.43/bin/bin/../../lib/gcc/pic32mx/4.8.3/../../../../pic32mx/lib\libpic32.a(vector30.o)
                0x9fc015c0                __vector_dispatch_30
                0x00000001                ASSERT (((_vector_spacing == 0x0) || (SIZEOF (.vector_30) <= (_vector_spacing << 0x5))), function at exception vector 30 too large)

.vector_31      0x9fc015e0        0x8
 *(.vector_31)
 .vector_31     0x9fc015e0        0x8 c:/program files (x86)/microchip/xc32/v1.43/bin/bin/../../lib/gcc/pic32mx/4.8.3/../../../../pic32mx/lib\libpic32.a(vector31.o)
                0x9fc015e0                __vector_dispatch_31
                0x00000001                ASSERT (((_vector_spacing == 0x0) || (SIZEOF (.vector_31) <= (_vector_spacing << 0x5))), function at exception vector 31 too large)

.vector_32      0x9fc01600        0x8
 *(.vector_32)
 .vector_32     0x9fc01600        0x8 c:/program files (x86)/microchip/xc32/v1.43/bin/bin/../../lib/gcc/pic32mx/4.8.3/../../../../pic32mx/lib\libpic32.a(vector32.o)
                0x9fc01600                __vector_dispatch_32
                0x00000001                ASSERT (((_vector_spacing == 0x0) || (SIZEOF (.vector_32) <= (_vector_spacing << 0x5))), function at exception vector 32 too large)

.vector_33      0x9fc01620        0x8
 *(.vector_33)
 .vector_33     0x9fc01620        0x8 c:/program files (x86)/microchip/xc32/v1.43/bin/bin/../../lib/gcc/pic32mx/4.8.3/../../../../pic32mx/lib\libpic32.a(vector33.o)
                0x9fc01620                __vector_dispatch_33
                0x00000001                ASSERT (((_vector_spacing == 0x0) || (SIZEOF (.vector_33) <= (_vector_spacing << 0x5))), function at exception vector 33 too large)

.vector_34      0x9fc01640        0x8
 *(.vector_34)
 .vector_34     0x9fc01640        0x8 c:/program files (x86)/microchip/xc32/v1.43/bin/bin/../../lib/gcc/pic32mx/4.8.3/../../../../pic32mx/lib\libpic32.a(vector34.o)
                0x9fc01640                __vector_dispatch_34
                0x00000001                ASSERT (((_vector_spacing == 0x0) || (SIZEOF (.vector_34) <= (_vector_spacing << 0x5))), function at exception vector 34 too large)

.vector_35      0x9fc01660        0x8
 *(.vector_35)
 .vector_35     0x9fc01660        0x8 c:/program files (x86)/microchip/xc32/v1.43/bin/bin/../../lib/gcc/pic32mx/4.8.3/../../../../pic32mx/lib\libpic32.a(vector35.o)
                0x9fc01660                __vector_dispatch_35
                0x00000001                ASSERT (((_vector_spacing == 0x0) || (SIZEOF (.vector_35) <= (_vector_spacing << 0x5))), function at exception vector 35 too large)

.vector_36      0x9fc01680        0x8
 *(.vector_36)
 .vector_36     0x9fc01680        0x8 c:/program files (x86)/microchip/xc32/v1.43/bin/bin/../../lib/gcc/pic32mx/4.8.3/../../../../pic32mx/lib\libpic32.a(vector36.o)
                0x9fc01680                __vector_dispatch_36
                0x00000001                ASSERT (((_vector_spacing == 0x0) || (SIZEOF (.vector_36) <= (_vector_spacing << 0x5))), function at exception vector 36 too large)

.vector_37      0x9fc016a0        0x8
 *(.vector_37)
 .vector_37     0x9fc016a0        0x8 c:/program files (x86)/microchip/xc32/v1.43/bin/bin/../../lib/gcc/pic32mx/4.8.3/../../../../pic32mx/lib\libpic32.a(vector37.o)
                0x9fc016a0                __vector_dispatch_37
                0x00000001                ASSERT (((_vector_spacing == 0x0) || (SIZEOF (.vector_37) <= (_vector_spacing << 0x5))), function at exception vector 37 too large)

.vector_38      0x9fc016c0        0x8
 *(.vector_38)
 .vector_38     0x9fc016c0        0x8 c:/program files (x86)/microchip/xc32/v1.43/bin/bin/../../lib/gcc/pic32mx/4.8.3/../../../../pic32mx/lib\libpic32.a(vector38.o)
                0x9fc016c0                __vector_dispatch_38
                0x00000001                ASSERT (((_vector_spacing == 0x0) || (SIZEOF (.vector_38) <= (_vector_spacing << 0x5))), function at exception vector 38 too large)

.vector_39      0x9fc016e0        0x8
 *(.vector_39)
 .vector_39     0x9fc016e0        0x8 c:/program files (x86)/microchip/xc32/v1.43/bin/bin/../../lib/gcc/pic32mx/4.8.3/../../../../pic32mx/lib\libpic32.a(vector39.o)
                0x9fc016e0                __vector_dispatch_39
                0x00000001                ASSERT (((_vector_spacing == 0x0) || (SIZEOF (.vector_39) <= (_vector_spacing << 0x5))), function at exception vector 39 too large)

.vector_40      0x9fc01700        0x8
 *(.vector_40)
 .vector_40     0x9fc01700        0x8 c:/program files (x86)/microchip/xc32/v1.43/bin/bin/../../lib/gcc/pic32mx/4.8.3/../../../../pic32mx/lib\libpic32.a(vector40.o)
                0x9fc01700                __vector_dispatch_40
                0x00000001                ASSERT (((_vector_spacing == 0x0) || (SIZEOF (.vector_40) <= (_vector_spacing << 0x5))), function at exception vector 40 too large)

.vector_41      0x9fc01720        0x8
 *(.vector_41)
 .vector_41     0x9fc01720        0x8 c:/program files (x86)/microchip/xc32/v1.43/bin/bin/../../lib/gcc/pic32mx/4.8.3/../../../../pic32mx/lib\libpic32.a(vector41.o)
                0x9fc01720                __vector_dispatch_41
                0x00000001                ASSERT (((_vector_spacing == 0x0) || (SIZEOF (.vector_41) <= (_vector_spacing << 0x5))), function at exception vector 41 too large)

.vector_42      0x9fc01740        0x8
 *(.vector_42)
 .vector_42     0x9fc01740        0x8 c:/program files (x86)/microchip/xc32/v1.43/bin/bin/../../lib/gcc/pic32mx/4.8.3/../../../../pic32mx/lib\libpic32.a(vector42.o)
                0x9fc01740                __vector_dispatch_42
                0x00000001                ASSERT (((_vector_spacing == 0x0) || (SIZEOF (.vector_42) <= (_vector_spacing << 0x5))), function at exception vector 42 too large)

.vector_43      0x9fc01760        0x8
 *(.vector_43)
 .vector_43     0x9fc01760        0x8 c:/program files (x86)/microchip/xc32/v1.43/bin/bin/../../lib/gcc/pic32mx/4.8.3/../../../../pic32mx/lib\libpic32.a(vector43.o)
                0x9fc01760                __vector_dispatch_43
                0x00000001                ASSERT (((_vector_spacing == 0x0) || (SIZEOF (.vector_43) <= (_vector_spacing << 0x5))), function at exception vector 43 too large)

.vector_44      0x9fc01780        0x8
 *(.vector_44)
 .vector_44     0x9fc01780        0x8 c:/program files (x86)/microchip/xc32/v1.43/bin/bin/../../lib/gcc/pic32mx/4.8.3/../../../../pic32mx/lib\libpic32.a(vector44.o)
                0x9fc01780                __vector_dispatch_44
                0x00000001                ASSERT (((_vector_spacing == 0x0) || (SIZEOF (.vector_44) <= (_vector_spacing << 0x5))), function at exception vector 44 too large)

.vector_45      0x9fc017a0        0x8
 *(.vector_45)
 .vector_45     0x9fc017a0        0x8 c:/program files (x86)/microchip/xc32/v1.43/bin/bin/../../lib/gcc/pic32mx/4.8.3/../../../../pic32mx/lib\libpic32.a(vector45.o)
                0x9fc017a0                __vector_dispatch_45
                0x00000001                ASSERT (((_vector_spacing == 0x0) || (SIZEOF (.vector_45) <= (_vector_spacing << 0x5))), function at exception vector 45 too large)

.vector_46      0x9fc017c0        0x8
 *(.vector_46)
 .vector_46     0x9fc017c0        0x8 c:/program files (x86)/microchip/xc32/v1.43/bin/bin/../../lib/gcc/pic32mx/4.8.3/../../../../pic32mx/lib\libpic32.a(vector46.o)
                0x9fc017c0                __vector_dispatch_46
                0x00000001                ASSERT (((_vector_spacing == 0x0) || (SIZEOF (.vector_46) <= (_vector_spacing << 0x5))), function at exception vector 46 too large)

.vector_47      0x9fc017e0        0x8
 *(.vector_47)
 .vector_47     0x9fc017e0        0x8 c:/program files (x86)/microchip/xc32/v1.43/bin/bin/../../lib/gcc/pic32mx/4.8.3/../../../../pic32mx/lib\libpic32.a(vector47.o)
                0x9fc017e0                __vector_dispatch_47
                0x00000001                ASSERT (((_vector_spacing == 0x0) || (SIZEOF (.vector_47) <= (_vector_spacing << 0x5))), function at exception vector 47 too large)

.vector_48      0x9fc01800        0x8
 *(.vector_48)
 .vector_48     0x9fc01800        0x8 build/default/production/_ext/1688732426/system_interrupt.o
                0x9fc01800                __vector_dispatch_48
                0x00000001                ASSERT (((_vector_spacing == 0x0) || (SIZEOF (.vector_48) <= (_vector_spacing << 0x5))), function at exception vector 48 too large)

.vector_49      0x9fc01820        0x8
 *(.vector_49)
 .vector_49     0x9fc01820        0x8 c:/program files (x86)/microchip/xc32/v1.43/bin/bin/../../lib/gcc/pic32mx/4.8.3/../../../../pic32mx/lib\libpic32.a(vector49.o)
                0x9fc01820                __vector_dispatch_49
                0x00000001                ASSERT (((_vector_spacing == 0x0) || (SIZEOF (.vector_49) <= (_vector_spacing << 0x5))), function at exception vector 49 too large)

.vector_50      0x9fc01840        0x8
 *(.vector_50)
 .vector_50     0x9fc01840        0x8 c:/program files (x86)/microchip/xc32/v1.43/bin/bin/../../lib/gcc/pic32mx/4.8.3/../../../../pic32mx/lib\libpic32.a(vector50.o)
                0x9fc01840                __vector_dispatch_50
                0x00000001                ASSERT (((_vector_spacing == 0x0) || (SIZEOF (.vector_50) <= (_vector_spacing << 0x5))), function at exception vector 50 too large)

.vector_51      0x9fc01860        0x8
 *(.vector_51)
 .vector_51     0x9fc01860        0x8 c:/program files (x86)/microchip/xc32/v1.43/bin/bin/../../lib/gcc/pic32mx/4.8.3/../../../../pic32mx/lib\libpic32.a(vector51.o)
                0x9fc01860                __vector_dispatch_51
                0x00000001                ASSERT (((_vector_spacing == 0x0) || (SIZEOF (.vector_51) <= (_vector_spacing << 0x5))), function at exception vector 51 too large)

.vector_52      0x9fc01880        0x0
 *(.vector_52)
                0x00000001                ASSERT (((_vector_spacing == 0x0) || (SIZEOF (.vector_52) <= (_vector_spacing << 0x5))), function at exception vector 52 too large)

.vector_53      0x9fc018a0        0x0
 *(.vector_53)
                0x00000001                ASSERT (((_vector_spacing == 0x0) || (SIZEOF (.vector_53) <= (_vector_spacing << 0x5))), function at exception vector 53 too large)

.vector_54      0x9fc018c0        0x0
 *(.vector_54)
                0x00000001                ASSERT (((_vector_spacing == 0x0) || (SIZEOF (.vector_54) <= (_vector_spacing << 0x5))), function at exception vector 54 too large)

.vector_55      0x9fc018e0        0x0
 *(.vector_55)
                0x00000001                ASSERT (((_vector_spacing == 0x0) || (SIZEOF (.vector_55) <= (_vector_spacing << 0x5))), function at exception vector 55 too large)

.vector_56      0x9fc01900        0x0
 *(.vector_56)
                0x00000001                ASSERT (((_vector_spacing == 0x0) || (SIZEOF (.vector_56) <= (_vector_spacing << 0x5))), function at exception vector 56 too large)

.vector_57      0x9fc01920        0x0
 *(.vector_57)
                0x00000001                ASSERT (((_vector_spacing == 0x0) || (SIZEOF (.vector_57) <= (_vector_spacing << 0x5))), function at exception vector 57 too large)

.vector_58      0x9fc01940        0x0
 *(.vector_58)
                0x00000001                ASSERT (((_vector_spacing == 0x0) || (SIZEOF (.vector_58) <= (_vector_spacing << 0x5))), function at exception vector 58 too large)

.vector_59      0x9fc01960        0x0
 *(.vector_59)
                0x00000001                ASSERT (((_vector_spacing == 0x0) || (SIZEOF (.vector_59) <= (_vector_spacing << 0x5))), function at exception vector 59 too large)

.vector_60      0x9fc01980        0x0
 *(.vector_60)
                0x00000001                ASSERT (((_vector_spacing == 0x0) || (SIZEOF (.vector_60) <= (_vector_spacing << 0x5))), function at exception vector 60 too large)

.vector_61      0x9fc019a0        0x0
 *(.vector_61)
                0x00000001                ASSERT (((_vector_spacing == 0x0) || (SIZEOF (.vector_61) <= (_vector_spacing << 0x5))), function at exception vector 61 too large)

.vector_62      0x9fc019c0        0x0
 *(.vector_62)
                0x00000001                ASSERT (((_vector_spacing == 0x0) || (SIZEOF (.vector_62) <= (_vector_spacing << 0x5))), function at exception vector 62 too large)

.vector_63      0x9fc019e0        0x0
 *(.vector_63)
                0x00000001                ASSERT (((_vector_spacing == 0x0) || (SIZEOF (.vector_63) <= (_vector_spacing << 0x5))), function at exception vector 63 too large)

.startup
 *(.startup)

.text           0x9d000000        0x0
 *(.stub .gnu.linkonce.t.*)
 *(.text.*personality*)
 *(.mips16.fn.*)
 *(.mips16.call.*)
 *(.gnu.warning)
                0x9d000000                . = ALIGN (0x4)

.init           0x9d000000        0x0
 *crti.o(.init)
 *crtbegin.o(.init)
 *(EXCLUDE_FILE(*crtn.o *crtend?.o *crtend.o) .init)
 *crtend.o(.init)
 *crtn.o(.init)
                0x9d000000                . = ALIGN (0x4)

.fini           0x9d000000        0x0
 *(.fini)
                0x9d000000                . = ALIGN (0x4)

.preinit_array  0x9d000000        0x0
                0x9d000000                PROVIDE (__preinit_array_start, .)
 *(.preinit_array)
                0x9d000000                PROVIDE (__preinit_array_end, .)
                0x9d000000                . = ALIGN (0x4)

.init_array     0x9d000000        0x0
                0x9d000000                PROVIDE (__init_array_start, .)
 *(SORT(.init_array.*))
 *(.init_array)
                0x9d000000                PROVIDE (__init_array_end, .)
                0x9d000000                . = ALIGN (0x4)

.fini_array     0x9d000000        0x0
                0x9d000000                PROVIDE (__fini_array_start, .)
 *(SORT(.fini_array.*))
 *(.fini_array)
                0x9d000000                PROVIDE (__fini_array_end, .)
                0x9d000000                . = ALIGN (0x4)

.ctors          0x9d000000        0x0
 *crtbegin.o(.ctors)
 *crtbegin?.o(.ctors)
 *(EXCLUDE_FILE(*crtend?.o *crtend.o) .ctors)
 *(SORT(.ctors.*))
 *(.ctors)
                0x9d000000                . = ALIGN (0x4)

.dtors          0x9d000000        0x0
 *crtbegin.o(.dtors)
 *crtbegin?.o(.dtors)
 *(EXCLUDE_FILE(*crtend?.o *crtend.o) .dtors)
 *(SORT(.dtors.*))
 *(.dtors)
                0x9d000000                . = ALIGN (0x4)

.rodata         0x9d000000        0x0
 *(.gnu.linkonce.r.*)
 *(.rodata1)
                0x9d000000                . = ALIGN (0x4)

.sdata2         0x9fc00490        0x0
 *(.sdata2 .sdata2.* .gnu.linkonce.s2.*)
                0x9fc00490                . = ALIGN (0x4)

.sbss2          0x9fc00490        0x0
 *(.sbss2 .sbss2.* .gnu.linkonce.sb2.*)
                0x9fc00490                . = ALIGN (0x4)

.eh_frame_hdr
 *(.eh_frame_hdr)
                0x9fc00490                . = ALIGN (0x4)

.eh_frame
 *(.eh_frame)
                0x9fc00490                . = ALIGN (0x4)

.gcc_except_table
 *(.gcc_except_table .gcc_except_table.*)
                0x9fc00490                . = ALIGN (0x4)

.dbg_data       0xa0000000        0x0
                0xa0000000                . = (. + DEFINED (_DEBUGGER)?0x200:0x0)

.jcr            0xa0000000        0x0
 *(.jcr)
                0xa0000000                . = ALIGN (0x4)

.eh_frame
 *(.eh_frame)
                0xa0000000                . = ALIGN (0x4)

.gcc_except_table
 *(.gcc_except_table .gcc_except_table.*)
                0xa0000000                . = ALIGN (0x4)

.persist        0xa0000000        0x0
                0xa0000000                _persist_begin = .
 *(.persist .persist.*)
 *(.pbss .pbss.*)
                0xa0000000                . = ALIGN (0x4)
                0xa0000000                _persist_end = .

.data           0xa0000000        0x0
 *(.gnu.linkonce.d.*)
 *(.data1)
                0xa0000000                . = ALIGN (0x4)
                0xa0000000                . = .
                0xa0007ff0                _gp = (ALIGN (0x10) + 0x7ff0)

.got            0xa0000000        0x0
 *(.got.plt)
 *(.got)
                0xa0000000                . = ALIGN (0x4)

.sdata          0xa0000000       0x6c
                0xa0000000                _sdata_begin = .
 *(.sdata .sdata.* .gnu.linkonce.s.*)
 .sdata         0xa0000000       0x50 build/default/production/_ext/595346758/asn.o
                0xa0000000                END_PUB_KEY
                0xa0000004                BEGIN_PUB_KEY
                0xa0000008                END_DSA_PRIV
                0xa000000c                BEGIN_DSA_PRIV
                0xa0000010                END_EC_PRIV
                0xa0000014                BEGIN_EC_PRIV
                0xa0000018                END_ENC_PRIV_KEY
                0xa000001c                BEGIN_ENC_PRIV_KEY
                0xa0000020                END_PRIV_KEY
                0xa0000024                BEGIN_PRIV_KEY
                0xa0000028                END_RSA_PRIV
                0xa000002c                BEGIN_RSA_PRIV
                0xa0000030                END_X509_CRL
                0xa0000034                BEGIN_X509_CRL
                0xa0000038                END_DH_PARAM
                0xa000003c                BEGIN_DH_PARAM
                0xa0000040                END_CERT_REQ
                0xa0000044                BEGIN_CERT_REQ
                0xa0000048                END_CERT
                0xa000004c                BEGIN_CERT
 .sdata         0xa0000050        0x8 build/default/production/_ext/1836803193/arp.o
 .sdata         0xa0000058        0x2 build/default/production/_ext/1836803193/sntp.o
 .sdata         0xa000005a        0x1 build/default/production/_ext/1836803193/zero_conf_helper.o
                0xa000005a                zeroconf_dbg_level
 *fill*         0xa000005b        0x1 
 .sdata         0xa000005c        0x8 build/default/production/_ext/1836803193/zero_conf_link_local.o
 .sdata         0xa0000064        0x4 build/default/production/_ext/1836803193/tcpip_manager.o
 .sdata         0xa0000068        0x4 c:/program files (x86)/microchip/xc32/v1.43/bin/bin/../../lib/gcc/pic32mx/4.8.3/../../../../pic32mx/lib\libpic32.a(xc32_uart.o)
                0xa0000068                __XC_UART
                0xa000006c                . = ALIGN (0x4)
                0xa000006c                _sdata_end = .

.lit8
 *(.lit8)

.lit4
 *(.lit4)
                0xa000006c                . = ALIGN (0x4)
                0xa000006c                _data_end = .
                0xa000006c                _bss_begin = .

.sbss           0xa000006c      0x1a4
                0xa000006c                _sbss_begin = .
 *(.dynsbss)
 *(.sbss .sbss.* .gnu.linkonce.sb.*)
 .sbss          0xa000006c        0xc build/default/production/_ext/595346758/memory.o
 .sbss          0xa0000078        0x4 build/default/production/_ext/595346758/port.o
 .sbss          0xa000007c        0x4 build/default/production/_ext/1749672254/drv_ethmac.o
 .sbss          0xa0000080        0x8 build/default/production/_ext/573518448/drv_ethphy.o
                0xa0000080                _PhyStayCondLoop
                0xa0000084                _PhyStayAssertLoop
 .sbss          0xa0000088        0x8 build/default/production/_ext/1568515672/drv_miim.o
                0xa0000088                _MIIMStayCondLoop
                0xa000008c                _MIIMStayAssertLoop
 .sbss          0xa0000090        0x4 build/default/production/_ext/528688037/drv_tmr.o
 .sbss          0xa0000094       0x1c build/default/production/_ext/1836803193/ipv4.o
                0xa0000094                _IPv4StayAssertLoop
 .sbss          0xa00000b0       0x20 build/default/production/_ext/1836803193/tcp.o
 .sbss          0xa00000d0       0x1c build/default/production/_ext/1836803193/udp.o
 .sbss          0xa00000ec       0x24 build/default/production/_ext/1836803193/dhcp.o
 .sbss          0xa0000110       0x10 build/default/production/_ext/1836803193/dns.o
                0xa0000110                _DNSStayCondLoop
                0xa0000114                _DNSStayAssertLoop
 .sbss          0xa0000120        0xc build/default/production/_ext/1836803193/icmp.o
 .sbss          0xa000012c        0xc build/default/production/_ext/1836803193/nbns.o
 .sbss          0xa0000138       0x48 build/default/production/_ext/1836803193/sntp.o
 .sbss          0xa0000180        0xc build/default/production/_ext/1836803193/zero_conf_link_local.o
 .sbss          0xa000018c        0x4 build/default/production/_ext/1836803193/tcpip_announce.o
 .sbss          0xa0000190       0x24 build/default/production/_ext/1836803193/tcpip_manager.o
 .sbss          0xa00001b4        0x8 build/default/production/_ext/1836803193/tcpip_packet.o
 .sbss          0xa00001bc        0xc build/default/production/_ext/359630028/ssl.o
 .sbss          0xa00001c8       0x14 build/default/production/_ext/1360937237/app.o
 .sbss          0xa00001dc        0x1 build/default/production/_ext/1278673032/net_pres_enc_glue.o
 *fill*         0xa00001dd        0x3 
 .sbss          0xa00001e0        0xc build/default/production/_ext/1688732426/system_exceptions.o
 *(.scommon)
 .scommon       0xa00001ec        0x3 build/default/production/_ext/427015431/drv_usart.o
                0xa00001ec                gDrvUSARTCommonDataObj
 *fill*         0xa00001ef        0x1 
 .scommon       0xa00001f0       0x18 build/default/production/_ext/1360937237/app.o
                0xa00001f0                dly
                0xa00001f4                txIdx
                0xa00001f8                rxB
                0xa00001fc                rxL
                0xa0000200                txL
                0xa0000204                txB
 .scommon       0xa0000208        0x8 build/default/production/_ext/340578644/sys_devcon.o
                0xa0000208                sysDevconObj
                0xa0000210                _sbss_end = .
                0xa0000210                . = ALIGN (0x4)

.bss            0xa0000210      0x4a0
 *(.dynbss)
 *(COMMON)
 COMMON         0xa0000210       0xac build/default/production/_ext/427015431/drv_usart.o
                0xa0000210                gDrvUSARTClientObj
                0xa000025c                gDrvUSARTObj
 COMMON         0xa00002bc      0x36c build/default/production/_ext/2146114523/net_pres.o
                0xa00002bc                sNetPresData
                0xa00004c0                sNetPresSockets
 COMMON         0xa0000628       0x64 build/default/production/_ext/1360937237/app.o
                0xa0000628                appData
                0xa000064c                txBuf
                0xa000066c                rxBuf
 COMMON         0xa000068c        0xc build/default/production/_ext/1278673032/net_pres_enc_glue.o
                0xa000068c                net_pres_wolfSSLInfoStreamServer0
 COMMON         0xa0000698       0x18 build/default/production/_ext/1688732426/system_init.o
                0xa0000698                sysObj
                0xa00006b0                . = ALIGN ((. != 0x0)?0x4:0x1)
                0xa00006b0                . = ALIGN (0x4)
                0xa00006b0                _end = .
                0xa00006b0                _bss_end = .
                0x00020000                _bmxdudba_address = 0x20000
                0x00020000                _bmxdupba_address = 0x20000

/DISCARD/
 *(.pdr)
 *(.rel.dyn)
 *(.note.GNU-stack)
 *(.note.GNU-stack)
 *(.gnu_debuglink)
 *(.gnu.lto_*)
 *(.discard)

.gptab.sdata
 *(.gptab.data)
 *(.gptab.sdata)

.gptab.sbss
 *(.gptab.bss)
 *(.gptab.sbss)

.mdebug.abi32   0xa00006b0        0x0
 *(.mdebug.abi32)
 .mdebug.abi32  0xa00006b0        0x0 build/default/production/_ext/595346758/ecc.o
 .mdebug.abi32  0xa00006b0        0x0 build/default/production/_ext/595346758/arc4.o
 .mdebug.abi32  0xa00006b0        0x0 build/default/production/_ext/595346758/pwdbased.o
 .mdebug.abi32  0xa00006b0        0x0 build/default/production/_ext/595346758/tfm.o
 .mdebug.abi32  0xa00006b0        0x0 build/default/production/_ext/595346758/asn.o
 .mdebug.abi32  0xa00006b0        0x0 build/default/production/_ext/595346758/des3.o
 .mdebug.abi32  0xa00006b0        0x0 build/default/production/_ext/595346758/rsa.o
 .mdebug.abi32  0xa00006b0        0x0 build/default/production/_ext/595346758/aes.o
 .mdebug.abi32  0xa00006b0        0x0 build/default/production/_ext/595346758/md5.o
 .mdebug.abi32  0xa00006b0        0x0 build/default/production/_ext/595346758/sha.o
 .mdebug.abi32  0xa00006b0        0x0 build/default/production/_ext/595346758/sha256.o
 .mdebug.abi32  0xa00006b0        0x0 build/default/production/_ext/595346758/sha512.o
 .mdebug.abi32  0xa00006b0        0x0 build/default/production/_ext/595346758/hmac.o
 .mdebug.abi32  0xa00006b0        0x0 build/default/production/_ext/595346758/hash.o
 .mdebug.abi32  0xa00006b0        0x0 build/default/production/_ext/595346758/compress.o
 .mdebug.abi32  0xa00006b0        0x0 build/default/production/_ext/595346758/random.o
 .mdebug.abi32  0xa00006b0        0x0 build/default/production/_ext/595346758/crypto.o
 .mdebug.abi32  0xa00006b0        0x0 build/default/production/_ext/595346758/asm.o
 .mdebug.abi32  0xa00006b0        0x0 build/default/production/_ext/595346758/coding.o
 .mdebug.abi32  0xa00006b0        0x0 build/default/production/_ext/595346758/error.o
 .mdebug.abi32  0xa00006b0        0x0 build/default/production/_ext/595346758/integer.o
 .mdebug.abi32  0xa00006b0        0x0 build/default/production/_ext/595346758/logging.o
 .mdebug.abi32  0xa00006b0        0x0 build/default/production/_ext/595346758/memory.o
 .mdebug.abi32  0xa00006b0        0x0 build/default/production/_ext/595346758/misc.o
 .mdebug.abi32  0xa00006b0        0x0 build/default/production/_ext/595346758/port.o
 .mdebug.abi32  0xa00006b0        0x0 build/default/production/_ext/1749672254/drv_ethmac.o
 .mdebug.abi32  0xa00006b0        0x0 build/default/production/_ext/1749672254/drv_ethmac_lib.o
 .mdebug.abi32  0xa00006b0        0x0 build/default/production/_ext/573518448/drv_ethphy.o
 .mdebug.abi32  0xa00006b0        0x0 build/default/production/_ext/573518448/drv_extphy_smsc8740.o
 .mdebug.abi32  0xa00006b0        0x0 build/default/production/_ext/1568515672/drv_miim.o
 .mdebug.abi32  0xa00006b0        0x0 build/default/production/_ext/528688037/drv_tmr.o
 .mdebug.abi32  0xa00006b0        0x0 build/default/production/_ext/427015431/drv_usart.o
 .mdebug.abi32  0xa00006b0        0x0 build/default/production/_ext/427015431/drv_usart_read_write.o
 .mdebug.abi32  0xa00006b0        0x0 build/default/production/_ext/2146114523/net_pres.o
 .mdebug.abi32  0xa00006b0        0x0 build/default/production/_ext/1670183176/sys_int_pic32.o
 .mdebug.abi32  0xa00006b0        0x0 build/default/production/_ext/1584847572/sys_random.o
 .mdebug.abi32  0xa00006b0        0x0 build/default/production/_ext/1482654414/sys_tmr.o
 .mdebug.abi32  0xa00006b0        0x0 build/default/production/_ext/1836803193/ipv4.o
 .mdebug.abi32  0xa00006b0        0x0 build/default/production/_ext/1836803193/tcp.o
 .mdebug.abi32  0xa00006b0        0x0 build/default/production/_ext/1836803193/udp.o
 .mdebug.abi32  0xa00006b0        0x0 build/default/production/_ext/1836803193/tcpip_heap_alloc.o
 .mdebug.abi32  0xa00006b0        0x0 build/default/production/_ext/1836803193/tcpip_heap_internal.o
 .mdebug.abi32  0xa00006b0        0x0 build/default/production/_ext/1836803193/arp.o
 .mdebug.abi32  0xa00006b0        0x0 build/default/production/_ext/1836803193/dhcp.o
 .mdebug.abi32  0xa00006b0        0x0 build/default/production/_ext/1836803193/dns.o
 .mdebug.abi32  0xa00006b0        0x0 build/default/production/_ext/1836803193/icmp.o
 .mdebug.abi32  0xa00006b0        0x0 build/default/production/_ext/1836803193/nbns.o
 .mdebug.abi32  0xa00006b0        0x0 build/default/production/_ext/1836803193/sntp.o
 .mdebug.abi32  0xa00006b0        0x0 build/default/production/_ext/1836803193/zero_conf_helper.o
 .mdebug.abi32  0xa00006b0        0x0 build/default/production/_ext/1836803193/zero_conf_link_local.o
 .mdebug.abi32  0xa00006b0        0x0 build/default/production/_ext/1836803193/tcpip_announce.o
 .mdebug.abi32  0xa00006b0        0x0 build/default/production/_ext/157393855/helpers.o
 .mdebug.abi32  0xa00006b0        0x0 build/default/production/_ext/1836803193/hash_fnv.o
 .mdebug.abi32  0xa00006b0        0x0 build/default/production/_ext/1836803193/oahash.o
 .mdebug.abi32  0xa00006b0        0x0 build/default/production/_ext/1836803193/tcpip_helpers.o
 .mdebug.abi32  0xa00006b0        0x0 build/default/production/_ext/1836803193/tcpip_manager.o
 .mdebug.abi32  0xa00006b0        0x0 build/default/production/_ext/1836803193/tcpip_notify.o
 .mdebug.abi32  0xa00006b0        0x0 build/default/production/_ext/1836803193/tcpip_packet.o
 .mdebug.abi32  0xa00006b0        0x0 build/default/production/_ext/359630028/crl.o
 .mdebug.abi32  0xa00006b0        0x0 build/default/production/_ext/359630028/internal.o
 .mdebug.abi32  0xa00006b0        0x0 build/default/production/_ext/359630028/io.o
 .mdebug.abi32  0xa00006b0        0x0 build/default/production/_ext/359630028/keys.o
 .mdebug.abi32  0xa00006b0        0x0 build/default/production/_ext/359630028/ocsp.o
 .mdebug.abi32  0xa00006b0        0x0 build/default/production/_ext/359630028/sniffer.o
 .mdebug.abi32  0xa00006b0        0x0 build/default/production/_ext/359630028/ssl.o
 .mdebug.abi32  0xa00006b0        0x0 build/default/production/_ext/359630028/tls.o
 .mdebug.abi32  0xa00006b0        0x0 build/default/production/_ext/1437400831/asm.o
 .mdebug.abi32  0xa00006b0        0x0 build/default/production/_ext/1437400831/blake2b.o
 .mdebug.abi32  0xa00006b0        0x0 build/default/production/_ext/1437400831/camellia.o
 .mdebug.abi32  0xa00006b0        0x0 build/default/production/_ext/1437400831/chacha.o
 .mdebug.abi32  0xa00006b0        0x0 build/default/production/_ext/1437400831/chacha20_poly1305.o
 .mdebug.abi32  0xa00006b0        0x0 build/default/production/_ext/1437400831/curve25519.o
 .mdebug.abi32  0xa00006b0        0x0 build/default/production/_ext/1437400831/dh.o
 .mdebug.abi32  0xa00006b0        0x0 build/default/production/_ext/1437400831/dsa.o
 .mdebug.abi32  0xa00006b0        0x0 build/default/production/_ext/1437400831/ecc_fp.o
 .mdebug.abi32  0xa00006b0        0x0 build/default/production/_ext/1437400831/ed25519.o
 .mdebug.abi32  0xa00006b0        0x0 build/default/production/_ext/1437400831/fe_low_mem.o
 .mdebug.abi32  0xa00006b0        0x0 build/default/production/_ext/1437400831/fe_operations.o
 .mdebug.abi32  0xa00006b0        0x0 build/default/production/_ext/1437400831/ge_low_mem.o
 .mdebug.abi32  0xa00006b0        0x0 build/default/production/_ext/1437400831/ge_operations.o
 .mdebug.abi32  0xa00006b0        0x0 build/default/production/_ext/1437400831/hc128.o
 .mdebug.abi32  0xa00006b0        0x0 build/default/production/_ext/1437400831/md2.o
 .mdebug.abi32  0xa00006b0        0x0 build/default/production/_ext/1437400831/md4.o
 .mdebug.abi32  0xa00006b0        0x0 build/default/production/_ext/1437400831/pkcs7.o
 .mdebug.abi32  0xa00006b0        0x0 build/default/production/_ext/1437400831/poly1305.o
 .mdebug.abi32  0xa00006b0        0x0 build/default/production/_ext/1437400831/rabbit.o
 .mdebug.abi32  0xa00006b0        0x0 build/default/production/_ext/1437400831/ripemd.o
 .mdebug.abi32  0xa00006b0        0x0 build/default/production/_ext/1437400831/misc.o
 .mdebug.abi32  0xa00006b0        0x0 build/default/production/_ext/1360937237/app.o
 .mdebug.abi32  0xa00006b0        0x0 build/default/production/_ext/1278673032/net_pres_enc_glue.o
 .mdebug.abi32  0xa00006b0        0x0 build/default/production/_ext/1278673032/net_pres_cert_store.o
 .mdebug.abi32  0xa00006b0        0x0 build/default/production/_ext/639803181/sys_clk_pic32mx.o
 .mdebug.abi32  0xa00006b0        0x0 build/default/production/_ext/340578644/sys_devcon.o
 .mdebug.abi32  0xa00006b0        0x0 build/default/production/_ext/340578644/sys_devcon_pic32mx.o
 .mdebug.abi32  0xa00006b0        0x0 build/default/production/_ext/822048611/sys_ports_static.o
 .mdebug.abi32  0xa00006b0        0x0 build/default/production/_ext/1688732426/system_init.o
 .mdebug.abi32  0xa00006b0        0x0 build/default/production/_ext/1688732426/system_interrupt.o
 .mdebug.abi32  0xa00006b0        0x0 build/default/production/_ext/1688732426/system_exceptions.o
 .mdebug.abi32  0xa00006b0        0x0 build/default/production/_ext/1360937237/main.o
 .mdebug.abi32  0xa00006b0        0x0 build/default/production/_ext/1688732426/system_tasks.o
 .mdebug.abi32  0xa00006b0        0x0 c:/program files (x86)/microchip/xc32/v1.43/bin/bin/../../lib/gcc/pic32mx/4.8.3\libgcc.a(_udivdi3.o)
 .mdebug.abi32  0xa00006b0        0x0 c:/program files (x86)/microchip/xc32/v1.43/bin/bin/../../lib/gcc/pic32mx/4.8.3\libgcc.a(floatunsisf.o)
 .mdebug.abi32  0xa00006b0        0x0 c:/program files (x86)/microchip/xc32/v1.43/bin/bin/../../lib/gcc/pic32mx/4.8.3/../../../../pic32mx/lib\libpic32.a(default-bootstrap-exception-handler.o)
 .mdebug.abi32  0xa00006b0        0x0 c:/program files (x86)/microchip/xc32/v1.43/bin/bin/../../lib/gcc/pic32mx/4.8.3/../../../../pic32mx/lib\libpic32.a(default-on-reset.o)
 .mdebug.abi32  0xa00006b0        0x0 c:/program files (x86)/microchip/xc32/v1.43/bin/bin/../../lib/gcc/pic32mx/4.8.3/../../../../pic32mx/lib\libpic32.a(default-on-bootstrap.o)
 .mdebug.abi32  0xa00006b0        0x0 c:/program files (x86)/microchip/xc32/v1.43/bin/bin/../../lib/gcc/pic32mx/4.8.3/../../../../pic32mx/lib\libpic32.a(defaultinterrupt.o)
 .mdebug.abi32  0xa00006b0        0x0 c:/program files (x86)/microchip/xc32/v1.43/bin/bin/../../lib/gcc/pic32mx/4.8.3/../../../../pic32mx/lib\libc.a(calloc.o)
 .mdebug.abi32  0xa00006b0        0x0 c:/program files (x86)/microchip/xc32/v1.43/bin/bin/../../lib/gcc/pic32mx/4.8.3/../../../../pic32mx/lib\libc.a(ctime.o)
 .mdebug.abi32  0xa00006b0        0x0 c:/program files (x86)/microchip/xc32/v1.43/bin/bin/../../lib/gcc/pic32mx/4.8.3/../../../../pic32mx/lib\libc.a(ctype.o)
 .mdebug.abi32  0xa00006b0        0x0 c:/program files (x86)/microchip/xc32/v1.43/bin/bin/../../lib/gcc/pic32mx/4.8.3/../../../../pic32mx/lib\libc.a(ctypef.o)
 .mdebug.abi32  0xa00006b0        0x0 c:/program files (x86)/microchip/xc32/v1.43/bin/bin/../../lib/gcc/pic32mx/4.8.3/../../../../pic32mx/lib\libc.a(malloc.o)
 .mdebug.abi32  0xa00006b0        0x0 c:/program files (x86)/microchip/xc32/v1.43/bin/bin/../../lib/gcc/pic32mx/4.8.3/../../../../pic32mx/lib\libc.a(memmove.o)
 .mdebug.abi32  0xa00006b0        0x0 c:/program files (x86)/microchip/xc32/v1.43/bin/bin/../../lib/gcc/pic32mx/4.8.3/../../../../pic32mx/lib\libc.a(rand.o)
 .mdebug.abi32  0xa00006b0        0x0 c:/program files (x86)/microchip/xc32/v1.43/bin/bin/../../lib/gcc/pic32mx/4.8.3/../../../../pic32mx/lib\libc.a(strchr.o)
 .mdebug.abi32  0xa00006b0        0x0 c:/program files (x86)/microchip/xc32/v1.43/bin/bin/../../lib/gcc/pic32mx/4.8.3/../../../../pic32mx/lib\libc.a(strncmp.o)
 .mdebug.abi32  0xa00006b0        0x0 c:/program files (x86)/microchip/xc32/v1.43/bin/bin/../../lib/gcc/pic32mx/4.8.3/../../../../pic32mx/lib\libc.a(strncpy.o)
 .mdebug.abi32  0xa00006b0        0x0 c:/program files (x86)/microchip/xc32/v1.43/bin/bin/../../lib/gcc/pic32mx/4.8.3/../../../../pic32mx/lib\libc.a(strstr.o)
 .mdebug.abi32  0xa00006b0        0x0 c:/program files (x86)/microchip/xc32/v1.43/bin/bin/../../lib/gcc/pic32mx/4.8.3/../../../../pic32mx/lib\libc.a(strtol.o)
 .mdebug.abi32  0xa00006b0        0x0 c:/program files (x86)/microchip/xc32/v1.43/bin/bin/../../lib/gcc/pic32mx/4.8.3/../../../../pic32mx/lib\libc.a(snprintf_cdnopsuxX.eo)
 .mdebug.abi32  0xa00006b0        0x0 c:/program files (x86)/microchip/xc32/v1.43/bin/bin/../../lib/gcc/pic32mx/4.8.3/../../../../pic32mx/lib\libc.a(sprintf_cdnopuxX.eo)
 .mdebug.abi32  0xa00006b0        0x0 c:/program files (x86)/microchip/xc32/v1.43/bin/bin/../../lib/gcc/pic32mx/4.8.3/../../../../pic32mx/lib\libc.a(vsnprintf_cdnopsuxX.eo)
 .mdebug.abi32  0xa00006b0        0x0 c:/program files (x86)/microchip/xc32/v1.43/bin/bin/../../lib/gcc/pic32mx/4.8.3/../../../../pic32mx/lib\libc.a(errno.o)
 .mdebug.abi32  0xa00006b0        0x0 c:/program files (x86)/microchip/xc32/v1.43/bin/bin/../../lib/gcc/pic32mx/4.8.3/../../../../pic32mx/lib\libc.a(doprnt_cdnopsuxX.eo)
 .mdebug.abi32  0xa00006b0        0x0 c:/program files (x86)/microchip/xc32/v1.43/bin/bin/../../lib/gcc/pic32mx/4.8.3/../../../../pic32mx/lib\libc.a(_fputc_simple.o)
 .mdebug.abi32  0xa00006b0        0x0 c:/program files (x86)/microchip/xc32/v1.43/bin/bin/../../lib/gcc/pic32mx/4.8.3/../../../../pic32mx/lib\libc.a(_iob.o)
 .mdebug.abi32  0xa00006b0        0x0 c:/program files (x86)/microchip/xc32/v1.43/bin/bin/../../lib/gcc/pic32mx/4.8.3/../../../../pic32mx/lib\libc.a(_flsbuf_simple.o)
 .mdebug.abi32  0xa00006b0        0x0 c:/program files (x86)/microchip/xc32/v1.43/bin/bin/../../lib/gcc/pic32mx/4.8.3/../../../../pic32mx/lib\libm.a(w_logf.o)
 .mdebug.abi32  0xa00006b0        0x0 c:/program files (x86)/microchip/xc32/v1.43/bin/bin/../../lib/gcc/pic32mx/4.8.3/../../../../pic32mx/lib\libm.a(w_powf.o)
 .mdebug.abi32  0xa00006b0        0x0 c:/program files (x86)/microchip/xc32/v1.43/bin/bin/../../lib/gcc/pic32mx/4.8.3/../../../../pic32mx/lib\libm.a(s_lib_ver.o)
 .mdebug.abi32  0xa00006b0        0x0 c:/program files (x86)/microchip/xc32/v1.43/bin/bin/../../lib/gcc/pic32mx/4.8.3\libgcc.a(_umoddi3.o)
 .mdebug.abi32  0xa00006b0        0x0 c:/program files (x86)/microchip/xc32/v1.43/bin/bin/../../lib/gcc/pic32mx/4.8.3/../../../../pic32mx/lib\libpic32.a(sbrk.o)
 .mdebug.abi32  0xa00006b0        0x0 c:/program files (x86)/microchip/xc32/v1.43/bin/bin/../../lib/gcc/pic32mx/4.8.3/../../../../pic32mx/lib\libpic32.a(write.o)
 .mdebug.abi32  0xa00006b0        0x0 c:/program files (x86)/microchip/xc32/v1.43/bin/bin/../../lib/gcc/pic32mx/4.8.3/../../../../pic32mx/lib\libpic32.a(isinf.o)
 .mdebug.abi32  0xa00006b0        0x0 c:/program files (x86)/microchip/xc32/v1.43/bin/bin/../../lib/gcc/pic32mx/4.8.3/../../../../pic32mx/lib\libpic32.a(_mon_putc.o)
 .mdebug.abi32  0xa00006b0        0x0 c:/program files (x86)/microchip/xc32/v1.43/bin/bin/../../lib/gcc/pic32mx/4.8.3/../../../../pic32mx/lib\libpic32.a(xc32_uart.o)
 .mdebug.abi32  0xa00006b0        0x0 c:/program files (x86)/microchip/xc32/v1.43/bin/bin/../../lib/gcc/pic32mx/4.8.3/../../../../pic32mx/lib\libe.a(_unorddf2.o)

.mdebug.abiN32
 *(.mdebug.abiN32)

.mdebug.abi64
 *(.mdebug.abi64)

.mdebug.abiO64
 *(.mdebug.abiO64)

.mdebug.eabi32
 *(.mdebug.eabi32)

.mdebug.eabi64
 *(.mdebug.eabi64)

.gcc_compiled_long32
 *(.gcc_compiled_long32)

.gcc_compiled_long64
 *(.gcc_compiled_long64)

.stab
 *(.stab)

.stabstr
 *(.stabstr)

.stab.excl
 *(.stab.excl)

.stab.exclstr
 *(.stab.exclstr)

.stab.index
 *(.stab.index)

.stab.indexstr
 *(.stab.indexstr)

.comment        0x00000000      0x1ed
 *(.comment)
 .comment       0x00000000       0x3c build/default/production/_ext/595346758/ecc.o
                                 0x3d (size before relaxing)
 .comment       0x00000000       0x3d build/default/production/_ext/595346758/arc4.o
 .comment       0x00000000       0x3d build/default/production/_ext/595346758/pwdbased.o
 .comment       0x00000000       0x3d build/default/production/_ext/595346758/tfm.o
 .comment       0x00000000       0x3d build/default/production/_ext/595346758/asn.o
 .comment       0x00000000       0x3d build/default/production/_ext/595346758/des3.o
 .comment       0x00000000       0x3d build/default/production/_ext/595346758/rsa.o
 .comment       0x00000000       0x3d build/default/production/_ext/595346758/aes.o
 .comment       0x00000000       0x3d build/default/production/_ext/595346758/md5.o
 .comment       0x00000000       0x3d build/default/production/_ext/595346758/sha.o
 .comment       0x00000000       0x3d build/default/production/_ext/595346758/sha256.o
 .comment       0x00000000       0x3d build/default/production/_ext/595346758/sha512.o
 .comment       0x00000000       0x3d build/default/production/_ext/595346758/hmac.o
 .comment       0x00000000       0x3d build/default/production/_ext/595346758/hash.o
 .comment       0x00000000       0x3d build/default/production/_ext/595346758/compress.o
 .comment       0x00000000       0x3d build/default/production/_ext/595346758/random.o
 .comment       0x00000000       0x3d build/default/production/_ext/595346758/crypto.o
 .comment       0x00000000       0x3d build/default/production/_ext/595346758/asm.o
 .comment       0x00000000       0x3d build/default/production/_ext/595346758/coding.o
 .comment       0x00000000       0x3d build/default/production/_ext/595346758/error.o
 .comment       0x00000000       0x3d build/default/production/_ext/595346758/integer.o
 .comment       0x00000000       0x3d build/default/production/_ext/595346758/logging.o
 .comment       0x00000000       0x3d build/default/production/_ext/595346758/memory.o
 .comment       0x00000000       0x3d build/default/production/_ext/595346758/misc.o
 .comment       0x00000000       0x3d build/default/production/_ext/595346758/port.o
 .comment       0x00000000       0x3d build/default/production/_ext/1749672254/drv_ethmac.o
 .comment       0x00000000       0x3d build/default/production/_ext/1749672254/drv_ethmac_lib.o
 .comment       0x00000000       0x3d build/default/production/_ext/573518448/drv_ethphy.o
 .comment       0x00000000       0x3d build/default/production/_ext/573518448/drv_extphy_smsc8740.o
 .comment       0x00000000       0x3d build/default/production/_ext/1568515672/drv_miim.o
 .comment       0x00000000       0x3d build/default/production/_ext/528688037/drv_tmr.o
 .comment       0x00000000       0x3d build/default/production/_ext/427015431/drv_usart.o
 .comment       0x00000000       0x3d build/default/production/_ext/427015431/drv_usart_read_write.o
 .comment       0x00000000       0x3d build/default/production/_ext/2146114523/net_pres.o
 .comment       0x00000000       0x3d build/default/production/_ext/1670183176/sys_int_pic32.o
 .comment       0x00000000       0x3d build/default/production/_ext/1584847572/sys_random.o
 .comment       0x00000000       0x3d build/default/production/_ext/1482654414/sys_tmr.o
 .comment       0x00000000       0x3d build/default/production/_ext/1836803193/ipv4.o
 .comment       0x00000000       0x3d build/default/production/_ext/1836803193/tcp.o
 .comment       0x00000000       0x3d build/default/production/_ext/1836803193/udp.o
 .comment       0x00000000       0x3d build/default/production/_ext/1836803193/tcpip_heap_alloc.o
 .comment       0x00000000       0x3d build/default/production/_ext/1836803193/tcpip_heap_internal.o
 .comment       0x00000000       0x3d build/default/production/_ext/1836803193/arp.o
 .comment       0x00000000       0x3d build/default/production/_ext/1836803193/dhcp.o
 .comment       0x00000000       0x3d build/default/production/_ext/1836803193/dns.o
 .comment       0x00000000       0x3d build/default/production/_ext/1836803193/icmp.o
 .comment       0x00000000       0x3d build/default/production/_ext/1836803193/nbns.o
 .comment       0x00000000       0x3d build/default/production/_ext/1836803193/sntp.o
 .comment       0x00000000       0x3d build/default/production/_ext/1836803193/zero_conf_helper.o
 .comment       0x00000000       0x3d build/default/production/_ext/1836803193/zero_conf_link_local.o
 .comment       0x00000000       0x3d build/default/production/_ext/1836803193/tcpip_announce.o
 .comment       0x00000000       0x3d build/default/production/_ext/157393855/helpers.o
 .comment       0x00000000       0x3d build/default/production/_ext/1836803193/hash_fnv.o
 .comment       0x00000000       0x3d build/default/production/_ext/1836803193/oahash.o
 .comment       0x00000000       0x3d build/default/production/_ext/1836803193/tcpip_helpers.o
 .comment       0x00000000       0x3d build/default/production/_ext/1836803193/tcpip_manager.o
 .comment       0x00000000       0x3d build/default/production/_ext/1836803193/tcpip_notify.o
 .comment       0x00000000       0x3d build/default/production/_ext/1836803193/tcpip_packet.o
 .comment       0x00000000       0x3d build/default/production/_ext/359630028/crl.o
 .comment       0x00000000       0x3d build/default/production/_ext/359630028/internal.o
 .comment       0x00000000       0x3d build/default/production/_ext/359630028/io.o
 .comment       0x00000000       0x3d build/default/production/_ext/359630028/keys.o
 .comment       0x00000000       0x3d build/default/production/_ext/359630028/ocsp.o
 .comment       0x00000000       0x3d build/default/production/_ext/359630028/sniffer.o
 .comment       0x00000000       0x3d build/default/production/_ext/359630028/ssl.o
 .comment       0x00000000       0x3d build/default/production/_ext/359630028/tls.o
 .comment       0x00000000       0x3d build/default/production/_ext/1437400831/asm.o
 .comment       0x00000000       0x3d build/default/production/_ext/1437400831/blake2b.o
 .comment       0x00000000       0x3d build/default/production/_ext/1437400831/camellia.o
 .comment       0x00000000       0x3d build/default/production/_ext/1437400831/chacha.o
 .comment       0x00000000       0x3d build/default/production/_ext/1437400831/chacha20_poly1305.o
 .comment       0x00000000       0x3d build/default/production/_ext/1437400831/curve25519.o
 .comment       0x00000000       0x3d build/default/production/_ext/1437400831/dh.o
 .comment       0x00000000       0x3d build/default/production/_ext/1437400831/dsa.o
 .comment       0x00000000       0x3d build/default/production/_ext/1437400831/ecc_fp.o
 .comment       0x00000000       0x3d build/default/production/_ext/1437400831/ed25519.o
 .comment       0x00000000       0x3d build/default/production/_ext/1437400831/fe_low_mem.o
 .comment       0x00000000       0x3d build/default/production/_ext/1437400831/fe_operations.o
 .comment       0x00000000       0x3d build/default/production/_ext/1437400831/ge_low_mem.o
 .comment       0x00000000       0x3d build/default/production/_ext/1437400831/ge_operations.o
 .comment       0x00000000       0x3d build/default/production/_ext/1437400831/hc128.o
 .comment       0x00000000       0x3d build/default/production/_ext/1437400831/md2.o
 .comment       0x00000000       0x3d build/default/production/_ext/1437400831/md4.o
 .comment       0x00000000       0x3d build/default/production/_ext/1437400831/pkcs7.o
 .comment       0x00000000       0x3d build/default/production/_ext/1437400831/poly1305.o
 .comment       0x00000000       0x3d build/default/production/_ext/1437400831/rabbit.o
 .comment       0x00000000       0x3d build/default/production/_ext/1437400831/ripemd.o
 .comment       0x00000000       0x3d build/default/production/_ext/1437400831/misc.o
 .comment       0x00000000       0x3d build/default/production/_ext/1360937237/app.o
 .comment       0x00000000       0x3d build/default/production/_ext/1278673032/net_pres_enc_glue.o
 .comment       0x00000000       0x3d build/default/production/_ext/1278673032/net_pres_cert_store.o
 .comment       0x00000000       0x3d build/default/production/_ext/639803181/sys_clk_pic32mx.o
 .comment       0x00000000       0x3d build/default/production/_ext/340578644/sys_devcon.o
 .comment       0x00000000       0x3d build/default/production/_ext/340578644/sys_devcon_pic32mx.o
 .comment       0x00000000       0x3d build/default/production/_ext/822048611/sys_ports_static.o
 .comment       0x00000000       0x3d build/default/production/_ext/1688732426/system_init.o
 .comment       0x00000000       0x3d build/default/production/_ext/1688732426/system_interrupt.o
 .comment       0x00000000       0x3d build/default/production/_ext/1688732426/system_exceptions.o
 .comment       0x00000000       0x3d build/default/production/_ext/1360937237/main.o
 .comment       0x00000000       0x3d build/default/production/_ext/1688732426/system_tasks.o
 .comment       0x00000000       0x3d c:/program files (x86)/microchip/xc32/v1.43/bin/bin/../../lib/gcc/pic32mx/4.8.3\libgcc.a(_udivdi3.o)
 .comment       0x00000000       0x3d c:/program files (x86)/microchip/xc32/v1.43/bin/bin/../../lib/gcc/pic32mx/4.8.3\libgcc.a(floatunsisf.o)
 .comment       0x0000003c       0x18 c:/program files (x86)/microchip/xc32/v1.43/bin/bin/../../lib/gcc/pic32mx/4.8.3/../../../../pic32mx/lib\libpic32.a(memcmp.o)
                                 0x19 (size before relaxing)
 .comment       0x00000054       0x18 c:/program files (x86)/microchip/xc32/v1.43/bin/bin/../../lib/gcc/pic32mx/4.8.3/../../../../pic32mx/lib\libpic32.a(memset.o)
                                 0x19 (size before relaxing)
 .comment       0x0000006c       0x19 c:/program files (x86)/microchip/xc32/v1.43/bin/bin/../../lib/gcc/pic32mx/4.8.3/../../../../pic32mx/lib\libpic32.a(strcmp.o)
                                 0x1a (size before relaxing)
 .comment       0x00000085       0x19 c:/program files (x86)/microchip/xc32/v1.43/bin/bin/../../lib/gcc/pic32mx/4.8.3/../../../../pic32mx/lib\libpic32.a(strcpy.o)
                                 0x1a (size before relaxing)
 .comment       0x0000009e       0x19 c:/program files (x86)/microchip/xc32/v1.43/bin/bin/../../lib/gcc/pic32mx/4.8.3/../../../../pic32mx/lib\libpic32.a(strlen.o)
                                 0x1a (size before relaxing)
 .comment       0x00000000       0x3d c:/program files (x86)/microchip/xc32/v1.43/bin/bin/../../lib/gcc/pic32mx/4.8.3/../../../../pic32mx/lib\libpic32.a(default-bootstrap-exception-handler.o)
 .comment       0x00000000       0x3d c:/program files (x86)/microchip/xc32/v1.43/bin/bin/../../lib/gcc/pic32mx/4.8.3/../../../../pic32mx/lib\libpic32.a(default-on-reset.o)
 .comment       0x00000000       0x3d c:/program files (x86)/microchip/xc32/v1.43/bin/bin/../../lib/gcc/pic32mx/4.8.3/../../../../pic32mx/lib\libpic32.a(default-on-bootstrap.o)
 .comment       0x00000000       0x3d c:/program files (x86)/microchip/xc32/v1.43/bin/bin/../../lib/gcc/pic32mx/4.8.3/../../../../pic32mx/lib\libpic32.a(defaultinterrupt.o)
 .comment       0x00000000       0x3d c:/program files (x86)/microchip/xc32/v1.43/bin/bin/../../lib/gcc/pic32mx/4.8.3/../../../../pic32mx/lib\libc.a(calloc.o)
 .comment       0x00000000       0x3d c:/program files (x86)/microchip/xc32/v1.43/bin/bin/../../lib/gcc/pic32mx/4.8.3/../../../../pic32mx/lib\libc.a(ctime.o)
 .comment       0x000000b7       0x4e c:/program files (x86)/microchip/xc32/v1.43/bin/bin/../../lib/gcc/pic32mx/4.8.3/../../../../pic32mx/lib\libc.a(ctype.o)
                                 0x8b (size before relaxing)
 .comment       0x00000105       0x4f c:/program files (x86)/microchip/xc32/v1.43/bin/bin/../../lib/gcc/pic32mx/4.8.3/../../../../pic32mx/lib\libc.a(ctypef.o)
                                 0x8c (size before relaxing)
 .comment       0x00000000       0x3d c:/program files (x86)/microchip/xc32/v1.43/bin/bin/../../lib/gcc/pic32mx/4.8.3/../../../../pic32mx/lib\libc.a(malloc.o)
 .comment       0x00000000       0x3d c:/program files (x86)/microchip/xc32/v1.43/bin/bin/../../lib/gcc/pic32mx/4.8.3/../../../../pic32mx/lib\libc.a(memmove.o)
 .comment       0x00000000       0x3d c:/program files (x86)/microchip/xc32/v1.43/bin/bin/../../lib/gcc/pic32mx/4.8.3/../../../../pic32mx/lib\libc.a(rand.o)
 .comment       0x00000000       0x3d c:/program files (x86)/microchip/xc32/v1.43/bin/bin/../../lib/gcc/pic32mx/4.8.3/../../../../pic32mx/lib\libc.a(strchr.o)
 .comment       0x00000000       0x3d c:/program files (x86)/microchip/xc32/v1.43/bin/bin/../../lib/gcc/pic32mx/4.8.3/../../../../pic32mx/lib\libc.a(strncmp.o)
 .comment       0x00000000       0x3d c:/program files (x86)/microchip/xc32/v1.43/bin/bin/../../lib/gcc/pic32mx/4.8.3/../../../../pic32mx/lib\libc.a(strncpy.o)
 .comment       0x00000000       0x3d c:/program files (x86)/microchip/xc32/v1.43/bin/bin/../../lib/gcc/pic32mx/4.8.3/../../../../pic32mx/lib\libc.a(strstr.o)
 .comment       0x00000000       0x3d c:/program files (x86)/microchip/xc32/v1.43/bin/bin/../../lib/gcc/pic32mx/4.8.3/../../../../pic32mx/lib\libc.a(strtol.o)
 .comment       0x00000000       0x3d c:/program files (x86)/microchip/xc32/v1.43/bin/bin/../../lib/gcc/pic32mx/4.8.3/../../../../pic32mx/lib\libc.a(snprintf_cdnopsuxX.eo)
 .comment       0x00000000       0x3d c:/program files (x86)/microchip/xc32/v1.43/bin/bin/../../lib/gcc/pic32mx/4.8.3/../../../../pic32mx/lib\libc.a(sprintf_cdnopuxX.eo)
 .comment       0x00000000       0x3d c:/program files (x86)/microchip/xc32/v1.43/bin/bin/../../lib/gcc/pic32mx/4.8.3/../../../../pic32mx/lib\libc.a(vsnprintf_cdnopsuxX.eo)
 .comment       0x00000000       0x3d c:/program files (x86)/microchip/xc32/v1.43/bin/bin/../../lib/gcc/pic32mx/4.8.3/../../../../pic32mx/lib\libc.a(errno.o)
 .comment       0x00000000       0x3d c:/program files (x86)/microchip/xc32/v1.43/bin/bin/../../lib/gcc/pic32mx/4.8.3/../../../../pic32mx/lib\libc.a(doprnt_cdnopsuxX.eo)
 .comment       0x00000000       0x3d c:/program files (x86)/microchip/xc32/v1.43/bin/bin/../../lib/gcc/pic32mx/4.8.3/../../../../pic32mx/lib\libc.a(_fputc_simple.o)
 .comment       0x00000000       0x3d c:/program files (x86)/microchip/xc32/v1.43/bin/bin/../../lib/gcc/pic32mx/4.8.3/../../../../pic32mx/lib\libc.a(_iob.o)
 .comment       0x00000000       0x3d c:/program files (x86)/microchip/xc32/v1.43/bin/bin/../../lib/gcc/pic32mx/4.8.3/../../../../pic32mx/lib\libc.a(_flsbuf_simple.o)
 .comment       0x00000000       0x3d c:/program files (x86)/microchip/xc32/v1.43/bin/bin/../../lib/gcc/pic32mx/4.8.3/../../../../pic32mx/lib\libm.a(w_logf.o)
 .comment       0x00000000       0x3d c:/program files (x86)/microchip/xc32/v1.43/bin/bin/../../lib/gcc/pic32mx/4.8.3/../../../../pic32mx/lib\libm.a(w_powf.o)
 .comment       0x00000000       0x3d c:/program files (x86)/microchip/xc32/v1.43/bin/bin/../../lib/gcc/pic32mx/4.8.3/../../../../pic32mx/lib\libm.a(s_lib_ver.o)
 .comment       0x00000000       0x3d c:/program files (x86)/microchip/xc32/v1.43/bin/bin/../../lib/gcc/pic32mx/4.8.3\libgcc.a(_umoddi3.o)
 .comment       0x00000154       0x4b c:/program files (x86)/microchip/xc32/v1.43/bin/bin/../../lib/gcc/pic32mx/4.8.3/../../../../pic32mx/lib\libpic32.a(sbrk.o)
                                 0x88 (size before relaxing)
 .comment       0x00000000       0x3d c:/program files (x86)/microchip/xc32/v1.43/bin/bin/../../lib/gcc/pic32mx/4.8.3/../../../../pic32mx/lib\libpic32.a(write.o)
 .comment       0x00000000       0x3d c:/program files (x86)/microchip/xc32/v1.43/bin/bin/../../lib/gcc/pic32mx/4.8.3/../../../../pic32mx/lib\libpic32.a(isinf.o)
 .comment       0x00000000       0x3d c:/program files (x86)/microchip/xc32/v1.43/bin/bin/../../lib/gcc/pic32mx/4.8.3/../../../../pic32mx/lib\libpic32.a(_mon_putc.o)
 .comment       0x00000000       0x3d c:/program files (x86)/microchip/xc32/v1.43/bin/bin/../../lib/gcc/pic32mx/4.8.3/../../../../pic32mx/lib\libpic32.a(xc32_uart.o)
 .comment       0x0000019f       0x4e c:/program files (x86)/microchip/xc32/v1.43/bin/bin/../../lib/gcc/pic32mx/4.8.3/../../../../pic32mx/lib\libe.a(_unorddf2.o)
                                 0x8b (size before relaxing)

.debug
 *(.debug)

.line
 *(.line)

.debug_srcinfo
 *(.debug_srcinfo)

.debug_sfnames
 *(.debug_sfnames)

.debug_aranges  0x00000000     0x3b90
 *(.debug_aranges)
 .debug_aranges
                0x00000000       0x18 build/default/production/_ext/595346758/ecc.o
 .debug_aranges
                0x00000018       0x28 build/default/production/_ext/595346758/arc4.o
 .debug_aranges
                0x00000040       0x50 build/default/production/_ext/595346758/pwdbased.o
 .debug_aranges
                0x00000090      0x280 build/default/production/_ext/595346758/tfm.o
 .debug_aranges
                0x00000310      0x1d8 build/default/production/_ext/595346758/asn.o
 .debug_aranges
                0x000004e8       0x78 build/default/production/_ext/595346758/des3.o
 .debug_aranges
                0x00000560       0xc0 build/default/production/_ext/595346758/rsa.o
 .debug_aranges
                0x00000620       0x48 build/default/production/_ext/595346758/aes.o
 .debug_aranges
                0x00000668       0x40 build/default/production/_ext/595346758/md5.o
 .debug_aranges
                0x000006a8       0x38 build/default/production/_ext/595346758/sha.o
 .debug_aranges
                0x000006e0       0x38 build/default/production/_ext/595346758/sha256.o
 .debug_aranges
                0x00000718       0x18 build/default/production/_ext/595346758/sha512.o
 .debug_aranges
                0x00000730       0x48 build/default/production/_ext/595346758/hmac.o
 .debug_aranges
                0x00000778       0x88 build/default/production/_ext/595346758/hash.o
 .debug_aranges
                0x00000800       0x18 build/default/production/_ext/595346758/compress.o
 .debug_aranges
                0x00000818       0x80 build/default/production/_ext/595346758/random.o
 .debug_aranges
                0x00000898      0x128 build/default/production/_ext/595346758/crypto.o
 .debug_aranges
                0x000009c0       0x18 build/default/production/_ext/595346758/asm.o
 .debug_aranges
                0x000009d8       0x48 build/default/production/_ext/595346758/coding.o
 .debug_aranges
                0x00000a20       0x28 build/default/production/_ext/595346758/error.o
 .debug_aranges
                0x00000a48       0x18 build/default/production/_ext/595346758/integer.o
 .debug_aranges
                0x00000a60       0x30 build/default/production/_ext/595346758/logging.o
 .debug_aranges
                0x00000a90       0x38 build/default/production/_ext/595346758/memory.o
 .debug_aranges
                0x00000ac8       0x18 build/default/production/_ext/595346758/misc.o
 .debug_aranges
                0x00000ae0       0x48 build/default/production/_ext/595346758/port.o
 .debug_aranges
                0x00000b28      0x180 build/default/production/_ext/1749672254/drv_ethmac.o
 .debug_aranges
                0x00000ca8       0xe8 build/default/production/_ext/1749672254/drv_ethmac_lib.o
 .debug_aranges
                0x00000d90      0x278 build/default/production/_ext/573518448/drv_ethphy.o
 .debug_aranges
                0x00001008       0x30 build/default/production/_ext/573518448/drv_extphy_smsc8740.o
 .debug_aranges
                0x00001038       0xf0 build/default/production/_ext/1568515672/drv_miim.o
 .debug_aranges
                0x00001128      0x110 build/default/production/_ext/528688037/drv_tmr.o
 .debug_aranges
                0x00001238       0xe8 build/default/production/_ext/427015431/drv_usart.o
 .debug_aranges
                0x00001320       0x28 build/default/production/_ext/427015431/drv_usart_read_write.o
 .debug_aranges
                0x00001348      0x110 build/default/production/_ext/2146114523/net_pres.o
 .debug_aranges
                0x00001458       0x48 build/default/production/_ext/1670183176/sys_int_pic32.o
 .debug_aranges
                0x000014a0       0x38 build/default/production/_ext/1584847572/sys_random.o
 .debug_aranges
                0x000014d8       0xd0 build/default/production/_ext/1482654414/sys_tmr.o
 .debug_aranges
                0x000015a8       0xc0 build/default/production/_ext/1836803193/ipv4.o
 .debug_aranges
                0x00001668      0x220 build/default/production/_ext/1836803193/tcp.o
 .debug_aranges
                0x00001888      0x1b8 build/default/production/_ext/1836803193/udp.o
 .debug_aranges
                0x00001a40       0x48 build/default/production/_ext/1836803193/tcpip_heap_alloc.o
 .debug_aranges
                0x00001a88       0x60 build/default/production/_ext/1836803193/tcpip_heap_internal.o
 .debug_aranges
                0x00001ae8      0x120 build/default/production/_ext/1836803193/arp.o
 .debug_aranges
                0x00001c08      0x188 build/default/production/_ext/1836803193/dhcp.o
 .debug_aranges
                0x00001d90      0x140 build/default/production/_ext/1836803193/dns.o
 .debug_aranges
                0x00001ed0       0x38 build/default/production/_ext/1836803193/icmp.o
 .debug_aranges
                0x00001f08       0x40 build/default/production/_ext/1836803193/nbns.o
 .debug_aranges
                0x00001f48       0x68 build/default/production/_ext/1836803193/sntp.o
 .debug_aranges
                0x00001fb0       0x20 build/default/production/_ext/1836803193/zero_conf_helper.o
 .debug_aranges
                0x00001fd0       0x78 build/default/production/_ext/1836803193/zero_conf_link_local.o
 .debug_aranges
                0x00002048       0x98 build/default/production/_ext/1836803193/tcpip_announce.o
 .debug_aranges
                0x000020e0       0x40 build/default/production/_ext/157393855/helpers.o
 .debug_aranges
                0x00002120       0x28 build/default/production/_ext/1836803193/hash_fnv.o
 .debug_aranges
                0x00002148       0x50 build/default/production/_ext/1836803193/oahash.o
 .debug_aranges
                0x00002198      0x210 build/default/production/_ext/1836803193/tcpip_helpers.o
 .debug_aranges
                0x000023a8       0x20 build/default/production/_ext/1836803193/tcpip_helper_c32.o
 .debug_aranges
                0x000023c8      0x378 build/default/production/_ext/1836803193/tcpip_manager.o
 .debug_aranges
                0x00002740       0x40 build/default/production/_ext/1836803193/tcpip_notify.o
 .debug_aranges
                0x00002780       0x78 build/default/production/_ext/1836803193/tcpip_packet.o
 .debug_aranges
                0x000027f8       0x18 build/default/production/_ext/359630028/crl.o
 .debug_aranges
                0x00002810      0x260 build/default/production/_ext/359630028/internal.o
 .debug_aranges
                0x00002a70       0x58 build/default/production/_ext/359630028/io.o
 .debug_aranges
                0x00002ac8       0x58 build/default/production/_ext/359630028/keys.o
 .debug_aranges
                0x00002b20       0x18 build/default/production/_ext/359630028/ocsp.o
 .debug_aranges
                0x00002b38       0x18 build/default/production/_ext/359630028/sniffer.o
 .debug_aranges
                0x00002b50      0x430 build/default/production/_ext/359630028/ssl.o
 .debug_aranges
                0x00002f80       0xd0 build/default/production/_ext/359630028/tls.o
 .debug_aranges
                0x00003050       0x18 build/default/production/_ext/1437400831/asm.o
 .debug_aranges
                0x00003068       0x18 build/default/production/_ext/1437400831/blake2b.o
 .debug_aranges
                0x00003080       0x18 build/default/production/_ext/1437400831/camellia.o
 .debug_aranges
                0x00003098       0x18 build/default/production/_ext/1437400831/chacha.o
 .debug_aranges
                0x000030b0       0x18 build/default/production/_ext/1437400831/chacha20_poly1305.o
 .debug_aranges
                0x000030c8       0x18 build/default/production/_ext/1437400831/curve25519.o
 .debug_aranges
                0x000030e0       0x50 build/default/production/_ext/1437400831/dh.o
 .debug_aranges
                0x00003130       0x40 build/default/production/_ext/1437400831/dsa.o
 .debug_aranges
                0x00003170       0x18 build/default/production/_ext/1437400831/ed25519.o
 .debug_aranges
                0x00003188       0x18 build/default/production/_ext/1437400831/fe_low_mem.o
 .debug_aranges
                0x000031a0       0x18 build/default/production/_ext/1437400831/fe_operations.o
 .debug_aranges
                0x000031b8       0x18 build/default/production/_ext/1437400831/ge_low_mem.o
 .debug_aranges
                0x000031d0       0x18 build/default/production/_ext/1437400831/ge_operations.o
 .debug_aranges
                0x000031e8       0x18 build/default/production/_ext/1437400831/hc128.o
 .debug_aranges
                0x00003200       0x18 build/default/production/_ext/1437400831/md2.o
 .debug_aranges
                0x00003218       0x38 build/default/production/_ext/1437400831/md4.o
 .debug_aranges
                0x00003250       0x18 build/default/production/_ext/1437400831/pkcs7.o
 .debug_aranges
                0x00003268       0x18 build/default/production/_ext/1437400831/poly1305.o
 .debug_aranges
                0x00003280       0x40 build/default/production/_ext/1437400831/rabbit.o
 .debug_aranges
                0x000032c0       0x18 build/default/production/_ext/1437400831/ripemd.o
 .debug_aranges
                0x000032d8       0x18 build/default/production/_ext/1437400831/misc.o
 .debug_aranges
                0x000032f0       0x28 build/default/production/_ext/1360937237/app.o
 .debug_aranges
                0x00003318       0x88 build/default/production/_ext/1278673032/net_pres_enc_glue.o
 .debug_aranges
                0x000033a0       0x20 build/default/production/_ext/1278673032/net_pres_cert_store.o
 .debug_aranges
                0x000033c0       0x50 build/default/production/_ext/639803181/sys_clk_pic32mx.o
 .debug_aranges
                0x00003410       0x78 build/default/production/_ext/340578644/sys_devcon.o
 .debug_aranges
                0x00003488       0x20 build/default/production/_ext/340578644/sys_devcon_pic32mx.o
 .debug_aranges
                0x000034a8      0x148 build/default/production/_ext/822048611/sys_ports_static.o
 .debug_aranges
                0x000035f0       0x28 build/default/production/_ext/1688732426/system_init.o
 .debug_aranges
                0x00003618       0x30 build/default/production/_ext/1688732426/system_interrupt.o
 .debug_aranges
                0x00003648       0x20 build/default/production/_ext/1688732426/system_exceptions.o
 .debug_aranges
                0x00003668       0x20 build/default/production/_ext/1360937237/main.o
 .debug_aranges
                0x00003688       0x20 build/default/production/_ext/1688732426/system_tasks.o
 .debug_aranges
                0x000036a8       0x20 c:/program files (x86)/microchip/xc32/v1.43/bin/bin/../../lib/gcc/pic32mx/4.8.3\libgcc.a(_udivdi3.o)
 .debug_aranges
                0x000036c8       0x20 c:/program files (x86)/microchip/xc32/v1.43/bin/bin/../../lib/gcc/pic32mx/4.8.3\libgcc.a(floatunsisf.o)
 .debug_aranges
                0x000036e8       0x20 c:/program files (x86)/microchip/xc32/v1.43/bin/bin/../../lib/gcc/pic32mx/4.8.3/../../../../pic32mx/lib\libpic32.a(default-bootstrap-exception-handler.o)
 .debug_aranges
                0x00003708       0x20 c:/program files (x86)/microchip/xc32/v1.43/bin/bin/../../lib/gcc/pic32mx/4.8.3/../../../../pic32mx/lib\libpic32.a(default-on-reset.o)
 .debug_aranges
                0x00003728       0x20 c:/program files (x86)/microchip/xc32/v1.43/bin/bin/../../lib/gcc/pic32mx/4.8.3/../../../../pic32mx/lib\libpic32.a(default-on-bootstrap.o)
 .debug_aranges
                0x00003748       0x20 c:/program files (x86)/microchip/xc32/v1.43/bin/bin/../../lib/gcc/pic32mx/4.8.3/../../../../pic32mx/lib\libpic32.a(defaultinterrupt.o)
 .debug_aranges
                0x00003768       0x20 c:/program files (x86)/microchip/xc32/v1.43/bin/bin/../../lib/gcc/pic32mx/4.8.3/../../../../pic32mx/lib\libc.a(calloc.o)
 .debug_aranges
                0x00003788       0x40 c:/program files (x86)/microchip/xc32/v1.43/bin/bin/../../lib/gcc/pic32mx/4.8.3/../../../../pic32mx/lib\libc.a(ctime.o)
 .debug_aranges
                0x000037c8       0xa0 c:/program files (x86)/microchip/xc32/v1.43/bin/bin/../../lib/gcc/pic32mx/4.8.3/../../../../pic32mx/lib\libc.a(ctypef.o)
 .debug_aranges
                0x00003868       0x30 c:/program files (x86)/microchip/xc32/v1.43/bin/bin/../../lib/gcc/pic32mx/4.8.3/../../../../pic32mx/lib\libc.a(malloc.o)
 .debug_aranges
                0x00003898       0x20 c:/program files (x86)/microchip/xc32/v1.43/bin/bin/../../lib/gcc/pic32mx/4.8.3/../../../../pic32mx/lib\libc.a(memmove.o)
 .debug_aranges
                0x000038b8       0x28 c:/program files (x86)/microchip/xc32/v1.43/bin/bin/../../lib/gcc/pic32mx/4.8.3/../../../../pic32mx/lib\libc.a(rand.o)
 .debug_aranges
                0x000038e0       0x20 c:/program files (x86)/microchip/xc32/v1.43/bin/bin/../../lib/gcc/pic32mx/4.8.3/../../../../pic32mx/lib\libc.a(strchr.o)
 .debug_aranges
                0x00003900       0x20 c:/program files (x86)/microchip/xc32/v1.43/bin/bin/../../lib/gcc/pic32mx/4.8.3/../../../../pic32mx/lib\libc.a(strncmp.o)
 .debug_aranges
                0x00003920       0x20 c:/program files (x86)/microchip/xc32/v1.43/bin/bin/../../lib/gcc/pic32mx/4.8.3/../../../../pic32mx/lib\libc.a(strncpy.o)
 .debug_aranges
                0x00003940       0x20 c:/program files (x86)/microchip/xc32/v1.43/bin/bin/../../lib/gcc/pic32mx/4.8.3/../../../../pic32mx/lib\libc.a(strstr.o)
 .debug_aranges
                0x00003960       0x28 c:/program files (x86)/microchip/xc32/v1.43/bin/bin/../../lib/gcc/pic32mx/4.8.3/../../../../pic32mx/lib\libc.a(strtol.o)
 .debug_aranges
                0x00003988       0x20 c:/program files (x86)/microchip/xc32/v1.43/bin/bin/../../lib/gcc/pic32mx/4.8.3/../../../../pic32mx/lib\libc.a(snprintf_cdnopsuxX.eo)
 .debug_aranges
                0x000039a8       0x20 c:/program files (x86)/microchip/xc32/v1.43/bin/bin/../../lib/gcc/pic32mx/4.8.3/../../../../pic32mx/lib\libc.a(sprintf_cdnopuxX.eo)
 .debug_aranges
                0x000039c8       0x20 c:/program files (x86)/microchip/xc32/v1.43/bin/bin/../../lib/gcc/pic32mx/4.8.3/../../../../pic32mx/lib\libc.a(vsnprintf_cdnopsuxX.eo)
 .debug_aranges
                0x000039e8       0x20 c:/program files (x86)/microchip/xc32/v1.43/bin/bin/../../lib/gcc/pic32mx/4.8.3/../../../../pic32mx/lib\libc.a(doprnt_cdnopsuxX.eo)
 .debug_aranges
                0x00003a08       0x20 c:/program files (x86)/microchip/xc32/v1.43/bin/bin/../../lib/gcc/pic32mx/4.8.3/../../../../pic32mx/lib\libc.a(_fputc_simple.o)
 .debug_aranges
                0x00003a28       0x20 c:/program files (x86)/microchip/xc32/v1.43/bin/bin/../../lib/gcc/pic32mx/4.8.3/../../../../pic32mx/lib\libc.a(_flsbuf_simple.o)
 .debug_aranges
                0x00003a48       0x20 c:/program files (x86)/microchip/xc32/v1.43/bin/bin/../../lib/gcc/pic32mx/4.8.3/../../../../pic32mx/lib\libm.a(w_logf.o)
 .debug_aranges
                0x00003a68       0x20 c:/program files (x86)/microchip/xc32/v1.43/bin/bin/../../lib/gcc/pic32mx/4.8.3/../../../../pic32mx/lib\libm.a(w_powf.o)
 .debug_aranges
                0x00003a88       0x20 c:/program files (x86)/microchip/xc32/v1.43/bin/bin/../../lib/gcc/pic32mx/4.8.3\libgcc.a(_umoddi3.o)
 .debug_aranges
                0x00003aa8       0x40 c:/program files (x86)/microchip/xc32/v1.43/bin/bin/../../lib/gcc/pic32mx/4.8.3/../../../../pic32mx/lib\libpic32.a(sbrk.o)
 .debug_aranges
                0x00003ae8       0x20 c:/program files (x86)/microchip/xc32/v1.43/bin/bin/../../lib/gcc/pic32mx/4.8.3/../../../../pic32mx/lib\libpic32.a(write.o)
 .debug_aranges